
> project-plateau-proof-before-dark@0.1.0 verify:s8
> npm test && npm run build && npm run test:s8


> project-plateau-proof-before-dark@0.1.0 test
> node --test test/*.test.js

✔ every core field cue has a concise sound caption (1.846708ms)
✔ audio settings clamp channel volumes and expose caption state (0.191167ms)
✔ cue history and threat transitions stay observable without Web Audio (0.253417ms)
✔ cue history remains bounded during a long field session (0.129667ms)
✔ foundation exposes the locked viewport and performance budgets (1.468709ms)
✔ procedural placement is deterministic for a recorded seed (0.099042ms)
✔ representative scene contains all declared subject and pressure groups (0.081959ms)
✔ the family asset exposes two adults, three young and both authored behaviors (15.231667ms)
✔ the glade composition protects a lit family-and-basalt sightline (5.096625ms)
✔ frame percentile is stable and keeps the slow tail visible (0.132167ms)
✔ runtime sources contain no remote asset or CDN request (5.099292ms)
✔ presentation settings normalize invalid persisted values (1.704833ms)
✔ settings round-trip through versioned storage and can be reset (0.187333ms)
✔ blocked or malformed storage falls back without disabling controls (0.200625ms)
✔ the measured compact route starts with a 180-second light budget (0.974709ms)
✔ fresh and restarted player states are clean copies (0.811667ms)
✔ walking, sprinting and crouching have ordered deterministic speeds (0.50825ms)
✔ pause freezes both world time and movement (0.10225ms)
✔ a solid obstacle blocks penetration and permits axis sliding (0.669917ms)
✔ leaving the navigable world recovers the last stable position (0.131917ms)
✔ zone topology distinguishes the observation fork and both return routes (0.081125ms)
✔ territory, glade, open proof and cover produce four readable threat states (0.419292ms)
✔ examining the brook makes context eligible without awarding evidence (0.152125ms)
✔ successive observed glade plates record young play and branch pull separately (0.203458ms)
✔ camera raise slows movement and shutter commits one physical plate for two live seconds (0.160542ms)
✔ open proof adds two awareness states and contact cracks the best intact plate (0.207667ms)
✔ a later contact without body margin fails while the first contact remains recoverable (0.067625ms)
✔ a timely raised-rifle shot spends one cartridge and interrupts attack (0.131041ms)
✔ pause freezes a raised camera and live shutter commitment without spending a plate (0.071666ms)
✔ restart clears observation, proof, damage and action history (0.073084ms)
✔ intact evidence and all four result thresholds are deterministic (0.086125ms)
✔ covered return commits its deterministic cost once and submits intact proof at Fort (0.155667ms)
✔ an attack-state exposed return cracks the best plate without spending body margin (0.094417ms)
✔ a fired-shot exposed return costs eighteen seconds and preserves its best plate (0.072458ms)
✔ remaining light expires outside Fort with exact cause and actionable cue (0.075ms)
ℹ tests 35
ℹ suites 0
ℹ pass 35
ℹ fail 0
ℹ cancelled 0
ℹ skipped 0
ℹ todo 0
ℹ duration_ms 156.570583

> project-plateau-proof-before-dark@0.1.0 build
> vite build

vite v8.2.0 building client environment for production...

transforming...✓ 12 modules transformed.
rendering chunks...
computing gzip size...
dist/index.html                   6.78 kB │ gzip:   2.09 kB
dist/assets/index-BtoLHCaQ.css   13.35 kB │ gzip:   4.21 kB
dist/assets/index-CWtQHXh1.js   582.58 kB │ gzip: 150.82 kB

✓ built in 164ms
[plugin builtin:vite-reporter]
(!) Some chunks are larger than 500 kB after minification. Consider:
- Using dynamic import() to code-split the application
- Use build.rolldownOptions.output.codeSplitting to improve chunking: https://rolldown.rs/reference/OutputOptions.codeSplitting
- Adjust chunk size limit for this warning via build.chunkSizeWarningLimit.

> project-plateau-proof-before-dark@0.1.0 test:s8
> python3 test/qa_s8.py

{
  "stage": "s8-input-paths",
  "checks": {
    "noTeleportOrDirectTimeAdvance": true,
    "strongAllFiveVerbsNoShot": true,
    "strongEvidenceSevenAndBodyMargin": true,
    "strongDistinctBehaviorFrames": true,
    "strongRemainingLightWithinReferenceWindow": true,
    "mixedOneShotNoisyCreekAndCallback": true,
    "mixedCorroboratingEvidenceFour": true,
    "panicBothShotsAllPlatesAndSecondContact": true,
    "cleanRestartAfterEveryReferenceClass": true,
    "noThreatMeter": true,
    "consoleErrors": [],
    "requestHosts": [
      "127.0.0.1:4173"
    ],
    "externalHosts": []
  },
  "pathMetrics": {
    "Strong": {
      "wallSeconds": 51.557,
      "simulationSeconds": 51.646,
      "distanceTravelled": 128.355,
      "remainingLight": 100.354,
      "returnCostSeconds": 28,
      "route": "covered",
      "result": {
        "kind": "alive",
        "band": "strong-field-record",
        "title": "Strong field record",
        "copy": "Scale. Living form. Behavior. The field record holds.",
        "evidence": 7,
        "survivingPlates": 4,
        "route": "covered",
        "brookResponse": null,
        "remainingLight": 100.4,
        "gunshotCallback": null
      }
    },
    "Mixed": {
      "wallSeconds": 37.998,
      "simulationSeconds": 37.984,
      "distanceTravelled": 129.103,
      "remainingLight": 124.016,
      "returnCostSeconds": 18,
      "route": "exposed",
      "result": {
        "kind": "alive",
        "band": "corroborating-record",
        "title": "Corroborating record",
        "copy": "Living form, more than one angle. The argument can begin again.",
        "evidence": 4,
        "survivingPlates": 3,
        "route": "exposed",
        "brookResponse": "brush-moving",
        "remainingLight": 124,
        "gunshotCallback": "The report carried. Something answered by the brook."
      }
    },
    "Panic": {
      "wallSeconds": 26.515,
      "simulationSeconds": 26.508,
      "distanceTravelled": 79.535,
      "remainingLight": 135.492,
      "returnCostSeconds": 18,
      "route": "exposed",
      "result": {
        "kind": "failure",
        "cause": "second-unblocked-strike",
        "title": "The second pass",
        "copy": "The second pass found you in open ground.",
        "cue": "Break the dive under the trees, or fire before contact."
      }
    }
  },
  "performance": {
    "samples": 240,
    "medianFrameMs": 8.3,
    "medianFps": 120.5,
    "onePercentLowFps": 99,
    "worstFrameMs": 10.3
  },
  "source": {
    "scope": "index.html, package manifests, public assets and src",
    "sha256": "424514d687dd247eb1229f95ff9eef1df6a127bc573e5530c52775fa8f5fd268"
  }
}
S8 PASS: build/evidence/s8/report.json
