
== [keyboard] boot and title ==
  PASS  boots into the title phase
  PASS  title fully revealed (phaseTick 425 >= 270)
  frame keyboard_title: p50 8.3 / p95 9.6 / worst 10.4 ms

== [keyboard] enter the run ==
  PASS  leaving the title works (keyboard)

== [keyboard] cold open (23 s held) ==
  PASS  cold open completes into the night (23.2 s held, phase=night)

== [keyboard] the nights ==
  frame keyboard_playing: p50 8.3 / p95 9.1 / worst 10.4 ms
  PASS  the simulation advances under input
  PASS  observable state changes: ['minute']

== [keyboard] restart ==
  PASS  restart returns to the title
  PASS  restart restores a valid initial state (night 1, words 0)

== [mouse] boot and title ==
  PASS  boots into the title phase
  PASS  title fully revealed (phaseTick 416 >= 270)
  frame mouse_title: p50 8.3 / p95 9.4 / worst 10.1 ms

== [mouse] title buttons: about and options plates ==
  PASS  clicking the third title verb opens the about card
  PASS  clicking the about card returns to the title
  PASS  clicking the second title verb opens the options plate
  PASS  the options plate exposes six row targets (6)
  PASS  clicking an options row toggles it (textScale 1 -> 1.25)
  PASS  the options plate's back row returns to the title by mouse

== [mouse] enter the run ==
  PASS  the first title verb is clickable (no keyboard fallback)
  PASS  leaving the title works (mouse)

== [mouse] cold open (23 s held) ==
  PASS  cold open completes into the night (23.2 s held, phase=night)

== [mouse] the nights ==
  frame mouse_playing: p50 8.3 / p95 9.5 / worst 10.3 ms
  PASS  the simulation advances under input
  PASS  observable state changes: ['minute']

== [mouse] restart ==
  PASS  restart returns to the title
  PASS  restart restores a valid initial state (night 1, words 0)

== [campaign] boot, title, cold open ==
  PASS  [campaign] boots into the title phase
  PASS  [campaign] leaving the title works
  PASS  [campaign] cold open completes into night 1

== [campaign] nights 1-2: listening at the chink ==
  PASS  [campaign] night 1 banks words by listening (14)
  PASS  [campaign] night 2 begins

== [campaign] night 3: first carry after the retiring window ==
  PASS  [campaign] night 3 begins
  PASS  [campaign] night 3: the retiring window closes
  PASS  [campaign] night 3: steps out once the yard is empty

== [campaign] holding plate: engraved, not flat fills (F15) ==
  PASS  [campaign] yard plate: the creature is outside for the probe
  PASS  [campaign] yard plate: no live cone over the probe (0 cones)
  PASS  [campaign] yard cottage_wall is engraved, not a flat fill (49 colours >= 30, luminance var 2199.7 >= 600.0)
  PASS  [campaign] yard wood_edge is engraved, not a flat fill (418 colours >= 30, luminance var 1193.6 >= 600.0)
  PASS  [campaign] yard milkhouse is engraved, not a flat fill (136 colours >= 30, luminance var 3500.1 >= 600.0)
  PASS  [campaign] yard woodpile is engraved, not a flat fill (157 colours >= 30, luminance var 3404 >= 600.0)
  PASS  [campaign] yard cottage_interior stays flat as ART_DIRECTION §4.4 requires (1 colours <= 14, luminance var 0 <= 40.0)
  PASS  [campaign] yard open_ground stays flat as ART_DIRECTION §4.4 requires (8 colours <= 14, luminance var 0.7 <= 40.0)
  PASS  [campaign] n3_carry: the load is taken up
  PASS  [campaign] n3_carry: put down at their door (firing 0 -> 1)
  PASS  [campaign] n3_carry: back inside ahead of the dawn window

== [campaign] night 4: first lesson, second carry ==
  PASS  night 4: the lesson starts at minute 0 (lesson)
  PASS  [campaign] night 4: the first lesson completes (+20 words)
  PASS  [campaign] night 4: steps out after the lesson
  PASS  [campaign] n4_carry: the load is taken up
  PASS  [campaign] n4_carry: put down at their door (firing 1 -> 2)
  PASS  [campaign] n4_carry: back inside ahead of the dawn window

== [campaign] nights 5-7: the remaining lessons ==
  PASS  night 5: the lesson starts at minute 0 (lesson)
  PASS  [campaign] night 5: the lesson completes
  PASS  night 6: the lesson starts at minute 0 (lesson)
  PASS  [campaign] night 6: the lesson completes
  PASS  night 7: the lesson starts at minute 0 (lesson)
  PASS  [campaign] night 7: the lesson completes

== [campaign] hovel plate: nothing reads as a flat swatch (TASK 5) ==
  PASS  [campaign] night 7: words 98 >= 62, the journal bundle is on the straw
  PASS  [campaign] hovel slot is no flat swatch (638 colours >= 40, luminance var 471.2 >= 150.0; straw control 1776 / 689.9)
  PASS  [campaign] hovel plank is no flat swatch (145 colours >= 40, luminance var 1111.6 >= 150.0; straw control 15767 / 1621.9)
  PASS  [campaign] hovel bundle is no flat swatch (197 colours >= 40, luminance var 773.2 >= 150.0; straw control 648 / 611.8)
  PASS  [campaign] the straw controls read as engraved plate (probe sanity)

== [campaign] the aperture mask is irregular (TASK 6) ==
  PASS  [campaign] aperture bottom edge is a torn line, not a rule (boundary variance 20.91 px^2 >= 1.2, deepest warm 434 <= 466 over 69 columns; a rectangle scores 0)
  PASS  [campaign] aperture left edge is a torn line, not a rule (boundary variance 1.41 px^2 >= 0.5, shallowest warm 174 >= 172 over 19 rows; a rectangle scores 0)
  PASS  [campaign] aperture right edge is a torn line, not a rule (boundary variance 36.71 px^2 >= 0.5, shallowest warm 575 <= 578 over 42 rows; a rectangle scores 0)
  PASS  [campaign] the prompt band's straight edge still reads straight (control: 0 px^2 <= 0.5 over 234 columns)
  PASS  [campaign] four lessons attended (4)
  PASS  [campaign] words 100 >= 80, the fifth exchange gate (GAME_DESIGN §7)
  PASS  [campaign] carries 2 >= 1, the exchange-5 lock (GAME_DESIGN §9)
  PASS  [campaign] seven full nights played before the walk (now at dawn 8, night counter 8)

== [campaign] day 8: the walk ==
  PASS  [campaign] the long walk, five slots (walk={'day': 8, 'slots': 5, 'band': 'long'})
  PASS  [campaign] the three go out at the gate
  PASS  [campaign] crosses the yard in daylight
  PASS  [campaign] the knock keeps all five slots (slots=5)

== [campaign] the door: five exchanges ==
  PASS  [campaign] the door opens when the walk's clock runs out
  PASS  [campaign] all five exchanges land (reached 5, words 100)
  PASS  [campaign] ending id is a designed one (door; §12: ('seen', 'want', 'silence', 'door'))
  PASS  [campaign] the run ends at the door (door)

== [campaign] aftermath, epilogue, afterRun ==
  PASS  [campaign] the epilogue model agrees (ending=door, exchange5=True, storeAtFlight=3, beds=1)
  PASS  [campaign] the epilogue plays out to afterRun
  PASS  [campaign] the ending is still recorded at afterRun

== [campaign] restart ==
  PASS  [campaign] restart restores a valid initial state (phase=title, night 1, words 0)

== [mouse-campaign] boot, title, cold open ==
  PASS  [mouse-campaign] boots into the title phase
  PASS  [mouse-campaign] clicking the first title verb enters the run
  PASS  [mouse-campaign] cold open completes into night 1 (held mouse)

== [mouse-campaign] nights 1-2: listening, clicked at the chink ==
  PASS  [mouse-campaign] night 1: a click at the chink starts listening
  PASS  [mouse-campaign] night 1 banks words by listening (14)
  PASS  [mouse-campaign] night 2 begins (dawn read advanced by click)

== [mouse-campaign] night 3: first carry, clicked ==
  PASS  [mouse-campaign] night 3 begins
  PASS  [mouse-campaign] night 3: the retiring window closes
  PASS  [mouse-campaign] night 3: clicking the cold slot steps out
  PASS  [mouse-campaign] click-to-move reaches (585,258) (last={'phase': 'night', 'night': 3, 'day': 3, 'minute': 5.34, 'length': 13, 'words': 24, 'firing': 0, 'store': 4, 'unease': 0, 'x': 596, 'y': 259, 'carrying': False, 'inHovel': False, 'ending': None, 'seenBy': None, 'seenCtx': None, 'exchanges': 0, 'carries': 0, 'lessons': 0, 'listens': 16, 'takes': 0, 'zeroStoreRun': 0, 'familyGone': False, 'slipped': False, 'walk': None, 'door': None, 'canSpeak': False, 'lessonDone': False, 'listening': False, 'action': None, 'walkStage': None})
  PASS  [mouse-campaign] click-to-move actually moves the creature ((630,265) -> (596,259); moved 34.5 px of the 45.5 px leg, floor 29.5)
  PASS  [mouse-campaign] click-to-move reaches (455,330) (last={'phase': 'night', 'night': 3, 'day': 3, 'minute': 5.84, 'length': 13, 'words': 24, 'firing': 0, 'store': 4, 'unease': 0, 'x': 467, 'y': 325, 'carrying': False, 'inHovel': False, 'ending': None, 'seenBy': None, 'seenCtx': None, 'exchanges': 0, 'carries': 0, 'lessons': 0, 'listens': 16, 'takes': 0, 'zeroStoreRun': 0, 'familyGone': False, 'slipped': False, 'walk': None, 'door': None, 'canSpeak': False, 'lessonDone': False, 'listening': False, 'action': None, 'walkStage': None})
  PASS  [mouse-campaign] n3_carry: the outhouse click walks over and takes the load (last={'phase': 'night', 'night': 3, 'day': 3, 'minute': 6.5, 'length': 13, 'words': 24, 'firing': 0, 'store': 4, 'unease': 0, 'x': 334, 'y': 460, 'carrying': True, 'inHovel': False, 'ending': None, 'seenBy': None, 'seenCtx': None, 'exchanges': 0, 'carries': 0, 'lessons': 0, 'listens': 16, 'takes': 0, 'zeroStoreRun': 0, 'familyGone': False, 'slipped': False, 'walk': None, 'door': None, 'canSpeak': False, 'lessonDone': False, 'listening': False, 'action': None, 'walkStage': None})
  PASS  [mouse-campaign] click-to-move reaches (450,462) (last={'phase': 'night', 'night': 3, 'day': 3, 'minute': 6.85, 'length': 13, 'words': 24, 'firing': 0, 'store': 4, 'unease': 0, 'x': 437, 'y': 462, 'carrying': True, 'inHovel': False, 'ending': None, 'seenBy': None, 'seenCtx': None, 'exchanges': 0, 'carries': 0, 'lessons': 0, 'listens': 16, 'takes': 0, 'zeroStoreRun': 0, 'familyGone': False, 'slipped': False, 'walk': None, 'door': None, 'canSpeak': False, 'lessonDone': False, 'listening': False, 'action': None, 'walkStage': None})
  PASS  [mouse-campaign] click-to-move reaches (748,462) (last={'phase': 'night', 'night': 3, 'day': 3, 'minute': 7.88, 'length': 13, 'words': 24, 'firing': 0, 'store': 4, 'unease': 0, 'x': 736, 'y': 462, 'carrying': True, 'inHovel': False, 'ending': None, 'seenBy': None, 'seenCtx': None, 'exchanges': 0, 'carries': 0, 'lessons': 0, 'listens': 16, 'takes': 0, 'zeroStoreRun': 0, 'familyGone': False, 'slipped': False, 'walk': None, 'door': None, 'canSpeak': False, 'lessonDone': False, 'listening': False, 'action': None, 'walkStage': None})
  PASS  [mouse-campaign] click-to-move reaches (748,425) (last={'phase': 'night', 'night': 3, 'day': 3, 'minute': 7.97, 'length': 13, 'words': 24, 'firing': 0, 'store': 4, 'unease': 0, 'x': 744, 'y': 437, 'carrying': True, 'inHovel': False, 'ending': None, 'seenBy': None, 'seenCtx': None, 'exchanges': 0, 'carries': 0, 'lessons': 0, 'listens': 16, 'takes': 0, 'zeroStoreRun': 0, 'familyGone': False, 'slipped': False, 'walk': None, 'door': None, 'canSpeak': False, 'lessonDone': False, 'listening': False, 'action': None, 'walkStage': None})
  PASS  [mouse-campaign] n3_carry: the door click puts the load down (firing 0 -> 1)
  PASS  [mouse-campaign] click-to-move reaches (748,410) (last={'phase': 'night', 'night': 3, 'day': 3, 'minute': 9.1, 'length': 13, 'words': 24, 'firing': 1, 'store': 4, 'unease': 0, 'x': 741, 'y': 418, 'carrying': False, 'inHovel': False, 'ending': None, 'seenBy': None, 'seenCtx': None, 'exchanges': 0, 'carries': 1, 'lessons': 0, 'listens': 16, 'takes': 0, 'zeroStoreRun': 0, 'familyGone': False, 'slipped': False, 'walk': None, 'door': None, 'canSpeak': False, 'lessonDone': False, 'listening': False, 'action': None, 'walkStage': None})
  PASS  [mouse-campaign] click-to-move reaches (748,290) (last={'phase': 'night', 'night': 3, 'day': 3, 'minute': 9.5, 'length': 13, 'words': 24, 'firing': 1, 'store': 4, 'unease': 0, 'x': 747, 'y': 301, 'carrying': False, 'inHovel': False, 'ending': None, 'seenBy': None, 'seenCtx': None, 'exchanges': 0, 'carries': 1, 'lessons': 0, 'listens': 16, 'takes': 0, 'zeroStoreRun': 0, 'familyGone': False, 'slipped': False, 'walk': None, 'door': None, 'canSpeak': False, 'lessonDone': False, 'listening': False, 'action': None, 'walkStage': None})
  PASS  [mouse-campaign] click-to-move reaches (684,290) (last={'phase': 'night', 'night': 3, 'day': 3, 'minute': 9.7, 'length': 13, 'words': 24, 'firing': 1, 'store': 4, 'unease': 0, 'x': 695, 'y': 290, 'carrying': False, 'inHovel': False, 'ending': None, 'seenBy': None, 'seenCtx': None, 'exchanges': 0, 'carries': 1, 'lessons': 0, 'listens': 16, 'takes': 0, 'zeroStoreRun': 0, 'familyGone': False, 'slipped': False, 'walk': None, 'door': None, 'canSpeak': False, 'lessonDone': False, 'listening': False, 'action': None, 'walkStage': None})
  PASS  [mouse-campaign] n3_carry: the mouth click slips back inside (last={'phase': 'night', 'night': 3, 'day': 3, 'minute': 9.97, 'length': 13, 'words': 24, 'firing': 1, 'store': 4, 'unease': 0, 'x': 630, 'y': 265, 'carrying': False, 'inHovel': True, 'ending': None, 'seenBy': None, 'seenCtx': None, 'exchanges': 0, 'carries': 1, 'lessons': 0, 'listens': 16, 'takes': 0, 'zeroStoreRun': 0, 'familyGone': False, 'slipped': False, 'walk': None, 'door': None, 'canSpeak': False, 'lessonDone': False, 'listening': False, 'action': None, 'walkStage': None})

== [mouse-campaign] night 4: first lesson by click, second carry ==
  PASS  [mouse-campaign] night 4: the lesson starts at minute 0 by click (lesson)
  PASS  [mouse-campaign] night 4: the first lesson completes (+20 words)
  PASS  [mouse-campaign] night 4: steps out after the lesson
  PASS  [mouse-campaign] click-to-move reaches (585,258) (last={'phase': 'night', 'night': 4, 'day': 4, 'minute': 5.14, 'length': 12, 'words': 45, 'firing': 1, 'store': 3, 'unease': 0, 'x': 596, 'y': 260, 'carrying': False, 'inHovel': False, 'ending': None, 'seenBy': None, 'seenCtx': None, 'exchanges': 0, 'carries': 1, 'lessons': 1, 'listens': 17, 'takes': 0, 'zeroStoreRun': 0, 'familyGone': False, 'slipped': False, 'walk': None, 'door': None, 'canSpeak': False, 'lessonDone': True, 'listening': False, 'action': None, 'walkStage': None})
  PASS  [mouse-campaign] click-to-move reaches (455,330) (last={'phase': 'night', 'night': 4, 'day': 4, 'minute': 5.64, 'length': 12, 'words': 45, 'firing': 1, 'store': 3, 'unease': 0, 'x': 467, 'y': 324, 'carrying': False, 'inHovel': False, 'ending': None, 'seenBy': None, 'seenCtx': None, 'exchanges': 0, 'carries': 1, 'lessons': 1, 'listens': 17, 'takes': 0, 'zeroStoreRun': 0, 'familyGone': False, 'slipped': False, 'walk': None, 'door': None, 'canSpeak': False, 'lessonDone': True, 'listening': False, 'action': None, 'walkStage': None})
  PASS  [mouse-campaign] n4_carry: the outhouse click walks over and takes the load (last={'phase': 'night', 'night': 4, 'day': 4, 'minute': 6.29, 'length': 12, 'words': 45, 'firing': 1, 'store': 3, 'unease': 0, 'x': 335, 'y': 459, 'carrying': True, 'inHovel': False, 'ending': None, 'seenBy': None, 'seenCtx': None, 'exchanges': 0, 'carries': 1, 'lessons': 1, 'listens': 17, 'takes': 0, 'zeroStoreRun': 0, 'familyGone': False, 'slipped': False, 'walk': None, 'door': None, 'canSpeak': False, 'lessonDone': True, 'listening': False, 'action': None, 'walkStage': None})
  PASS  [mouse-campaign] click-to-move reaches (450,462) (last={'phase': 'night', 'night': 4, 'day': 4, 'minute': 6.64, 'length': 12, 'words': 45, 'firing': 1, 'store': 3, 'unease': 0, 'x': 437, 'y': 462, 'carrying': True, 'inHovel': False, 'ending': None, 'seenBy': None, 'seenCtx': None, 'exchanges': 0, 'carries': 1, 'lessons': 1, 'listens': 17, 'takes': 0, 'zeroStoreRun': 0, 'familyGone': False, 'slipped': False, 'walk': None, 'door': None, 'canSpeak': False, 'lessonDone': True, 'listening': False, 'action': None, 'walkStage': None})
  PASS  [mouse-campaign] click-to-move reaches (748,462) (last={'phase': 'night', 'night': 4, 'day': 4, 'minute': 7.68, 'length': 12, 'words': 45, 'firing': 1, 'store': 3, 'unease': 0, 'x': 738, 'y': 462, 'carrying': True, 'inHovel': False, 'ending': None, 'seenBy': None, 'seenCtx': None, 'exchanges': 0, 'carries': 1, 'lessons': 1, 'listens': 17, 'takes': 0, 'zeroStoreRun': 0, 'familyGone': False, 'slipped': False, 'walk': None, 'door': None, 'canSpeak': False, 'lessonDone': True, 'listening': False, 'action': None, 'walkStage': None})
  PASS  [mouse-campaign] click-to-move reaches (748,425) (last={'phase': 'night', 'night': 4, 'day': 4, 'minute': 7.77, 'length': 12, 'words': 45, 'firing': 1, 'store': 3, 'unease': 0, 'x': 745, 'y': 436, 'carrying': True, 'inHovel': False, 'ending': None, 'seenBy': None, 'seenCtx': None, 'exchanges': 0, 'carries': 1, 'lessons': 1, 'listens': 17, 'takes': 0, 'zeroStoreRun': 0, 'familyGone': False, 'slipped': False, 'walk': None, 'door': None, 'canSpeak': False, 'lessonDone': True, 'listening': False, 'action': None, 'walkStage': None})
  PASS  [mouse-campaign] n4_carry: the door click puts the load down (firing 1 -> 2)
  PASS  [mouse-campaign] click-to-move reaches (748,410) (last={'phase': 'night', 'night': 4, 'day': 4, 'minute': 8.89, 'length': 12, 'words': 45, 'firing': 2, 'store': 3, 'unease': 0, 'x': 741, 'y': 418, 'carrying': False, 'inHovel': False, 'ending': None, 'seenBy': None, 'seenCtx': None, 'exchanges': 0, 'carries': 2, 'lessons': 1, 'listens': 17, 'takes': 0, 'zeroStoreRun': 0, 'familyGone': False, 'slipped': False, 'walk': None, 'door': None, 'canSpeak': False, 'lessonDone': True, 'listening': False, 'action': None, 'walkStage': None})
  PASS  [mouse-campaign] click-to-move reaches (748,290) (last={'phase': 'night', 'night': 4, 'day': 4, 'minute': 9.3, 'length': 12, 'words': 45, 'firing': 2, 'store': 3, 'unease': 0, 'x': 747, 'y': 300, 'carrying': False, 'inHovel': False, 'ending': None, 'seenBy': None, 'seenCtx': None, 'exchanges': 0, 'carries': 2, 'lessons': 1, 'listens': 17, 'takes': 0, 'zeroStoreRun': 0, 'familyGone': False, 'slipped': False, 'walk': None, 'door': None, 'canSpeak': False, 'lessonDone': True, 'listening': False, 'action': None, 'walkStage': None})
  PASS  [mouse-campaign] click-to-move reaches (684,290) (last={'phase': 'night', 'night': 4, 'day': 4, 'minute': 9.5, 'length': 12, 'words': 45, 'firing': 2, 'store': 3, 'unease': 0, 'x': 693, 'y': 290, 'carrying': False, 'inHovel': False, 'ending': None, 'seenBy': None, 'seenCtx': None, 'exchanges': 0, 'carries': 2, 'lessons': 1, 'listens': 17, 'takes': 0, 'zeroStoreRun': 0, 'familyGone': False, 'slipped': False, 'walk': None, 'door': None, 'canSpeak': False, 'lessonDone': True, 'listening': False, 'action': None, 'walkStage': None})
  PASS  [mouse-campaign] n4_carry: the mouth click slips back inside (last={'phase': 'night', 'night': 4, 'day': 4, 'minute': 9.78, 'length': 12, 'words': 45, 'firing': 2, 'store': 3, 'unease': 0, 'x': 630, 'y': 265, 'carrying': False, 'inHovel': True, 'ending': None, 'seenBy': None, 'seenCtx': None, 'exchanges': 0, 'carries': 2, 'lessons': 1, 'listens': 17, 'takes': 0, 'zeroStoreRun': 0, 'familyGone': False, 'slipped': False, 'walk': None, 'door': None, 'canSpeak': False, 'lessonDone': True, 'listening': False, 'action': None, 'walkStage': None})

== [mouse-campaign] nights 5-7: the remaining lessons by click ==
  PASS  [mouse-campaign] night 5: the lesson starts at minute 0 by click (lesson)
  PASS  [mouse-campaign] night 5: the lesson completes
  PASS  [mouse-campaign] night 6: the lesson starts at minute 0 by click (lesson)
  PASS  [mouse-campaign] night 6: the lesson completes
  PASS  [mouse-campaign] night 7: the lesson starts at minute 0 by click (lesson)
  PASS  [mouse-campaign] night 7: the lesson completes
  PASS  [mouse-campaign] four lessons attended (4)
  PASS  [mouse-campaign] words 100 >= 80, the fifth exchange gate (GAME_DESIGN §7)
  PASS  [mouse-campaign] carries 2 >= 1, the exchange-5 lock (GAME_DESIGN §9)
  PASS  [mouse-campaign] seven full nights played before the walk (night counter 8)

== [mouse-campaign] day 8: the walk, clicked ==
  PASS  [mouse-campaign] the long walk, five slots (walk={'day': 8, 'slots': 5, 'band': 'long'})
  PASS  [mouse-campaign] the three go out at the gate
  PASS  [mouse-campaign] click-to-move reaches (684,222) (last={'phase': 'walk', 'night': 8, 'day': 8, 'minute': 9.1, 'length': 9, 'words': 100, 'firing': 1, 'store': 3, 'unease': 0, 'x': 672, 'y': 232, 'carrying': False, 'inHovel': False, 'ending': None, 'seenBy': None, 'seenCtx': None, 'exchanges': 0, 'carries': 2, 'lessons': 4, 'listens': 24, 'takes': 0, 'zeroStoreRun': 0, 'familyGone': False, 'slipped': False, 'walk': {'day': 8, 'slots': 5, 'band': 'long'}, 'door': None, 'canSpeak': False, 'lessonDone': True, 'listening': True, 'action': None, 'walkStage': 'cross'})
  PASS  [mouse-campaign] click-to-move reaches (748,222) (last={'phase': 'walk', 'night': 8, 'day': 8, 'minute': 9.1, 'length': 9, 'words': 100, 'firing': 1, 'store': 3, 'unease': 0, 'x': 736, 'y': 224, 'carrying': False, 'inHovel': False, 'ending': None, 'seenBy': None, 'seenCtx': None, 'exchanges': 0, 'carries': 2, 'lessons': 4, 'listens': 24, 'takes': 0, 'zeroStoreRun': 0, 'familyGone': False, 'slipped': False, 'walk': {'day': 8, 'slots': 5, 'band': 'long'}, 'door': None, 'canSpeak': False, 'lessonDone': True, 'listening': True, 'action': None, 'walkStage': 'cross'})
  PASS  [mouse-campaign] click-to-move reaches (748,425) (last={'phase': 'walk', 'night': 8, 'day': 8, 'minute': 9.1, 'length': 9, 'words': 100, 'firing': 1, 'store': 3, 'unease': 0, 'x': 747, 'y': 413, 'carrying': False, 'inHovel': False, 'ending': None, 'seenBy': None, 'seenCtx': None, 'exchanges': 0, 'carries': 2, 'lessons': 4, 'listens': 24, 'takes': 0, 'zeroStoreRun': 0, 'familyGone': False, 'slipped': False, 'walk': {'day': 8, 'slots': 5, 'band': 'long'}, 'door': None, 'canSpeak': False, 'lessonDone': True, 'listening': True, 'action': None, 'walkStage': 'cross'})
  PASS  [mouse-campaign] clicking the door walks up and knocks, keeping all five slots (slots=5)

== [mouse-campaign] the door: five exchanges, clicked ==
  PASS  [mouse-campaign] the door opens when the walk's clock runs out
  PASS  [mouse-campaign] all five exchanges land by click (reached 5, words 100)
  PASS  [mouse-campaign] ending id is a designed one (door; §12: ('seen', 'want', 'silence', 'door'))
  PASS  [mouse-campaign] the run ends at the door (door)

== [mouse-campaign] aftermath, epilogue, afterRun ==
  PASS  [mouse-campaign] the withheld hand holds (mouse.down) into the epilogue
  PASS  [mouse-campaign] a click advances an epilogue card (step 0 -> 1)
  PASS  [mouse-campaign] the epilogue plays out to afterRun
  PASS  [mouse-campaign] the ending is still recorded at afterRun

== [mouse-campaign] restart, clicked ==
  PASS  [mouse-campaign] clicking restart restores a valid initial state (phase=title, night 1, words 0)

== [seen] boot, title, cold open ==
  PASS  [seen] boots into the title phase
  PASS  [seen] leaving the title works
  PASS  [seen] cold open completes into night 1

== [seen] night 1: out of the mouth, standing still ==
  PASS  [seen] Agatha's retiring patrol finds the creature
  PASS  [seen] the night sighting is recorded (ending=seen, seenBy=agatha, context=night, minute 1.38)
  PASS  [seen] seen inside the retiring window (minute 1.38 < 5)
  PASS  [seen] the seer's cone is still live in the freeze (cones=['felix', 'agatha'])

== [seen] the failure card after the 2 s hold ==
  PASS  [seen] the 2 s hold elapses into the failure card
  PASS  [seen] console clean through the seen phase (0 new errors)
  PASS  [seen] any key moves on to the epilogue, the ending still recorded

== [want] boot, title, cold open ==
  PASS  [want] boots into the title phase
  PASS  [want] leaving the title works
  PASS  [want] cold open completes into night 1

== [want] nights 1-5: one take a night ==
  PASS  [want] the retiring window closes
  PASS  [want] steps out once the yard is empty
  PASS  [want] the milk-house take lands (takesTotal=1, last={'phase': 'night', 'night': 1, 'day': 1, 'minute': 5.85, 'length': 14, 'words': 0, 'firing': 0, 'store': 6, 'unease': 0, 'x': 686, 'y': 256, 'carrying': False, 'inHovel': False, 'ending': None, 'seenBy': None, 'seenCtx': None, 'exchanges': 0, 'carries': 0, 'lessons': 0, 'listens': 0, 'takes': 1, 'zeroStoreRun': 0, 'familyGone': False, 'slipped': False, 'walk': None, 'door': None, 'canSpeak': False, 'lessonDone': False, 'listening': False, 'action': None, 'walkStage': None})
  PASS  [want] back inside ahead of the dawn window
  PASS  [want] night 1: the take drains the store on schedule (store 4 == 4, takesTotal 1)
  PASS  [want] night 2 begins
  PASS  [want] the retiring window closes
  PASS  [want] steps out once the yard is empty
  PASS  [want] the milk-house take lands (takesTotal=2, last={'phase': 'night', 'night': 2, 'day': 2, 'minute': 5.86, 'length': 14, 'words': 0, 'firing': 0, 'store': 4, 'unease': 1, 'x': 686, 'y': 256, 'carrying': False, 'inHovel': False, 'ending': None, 'seenBy': None, 'seenCtx': None, 'exchanges': 0, 'carries': 0, 'lessons': 0, 'listens': 0, 'takes': 2, 'zeroStoreRun': 0, 'familyGone': False, 'slipped': False, 'walk': None, 'door': None, 'canSpeak': False, 'lessonDone': False, 'listening': False, 'action': None, 'walkStage': None})
  PASS  [want] back inside ahead of the dawn window
  PASS  [want] night 2: the take drains the store on schedule (store 2 == 2, takesTotal 2)
  PASS  [want] night 3 begins
  PASS  [want] the retiring window closes
  PASS  [want] steps out once the yard is empty
  PASS  [want] the milk-house take lands (takesTotal=3, last={'phase': 'night', 'night': 3, 'day': 3, 'minute': 5.85, 'length': 13, 'words': 0, 'firing': 0, 'store': 2, 'unease': 0, 'x': 686, 'y': 256, 'carrying': False, 'inHovel': False, 'ending': None, 'seenBy': None, 'seenCtx': None, 'exchanges': 0, 'carries': 0, 'lessons': 0, 'listens': 0, 'takes': 3, 'zeroStoreRun': 0, 'familyGone': False, 'slipped': False, 'walk': None, 'door': None, 'canSpeak': False, 'lessonDone': False, 'listening': False, 'action': None, 'walkStage': None})
  PASS  [want] back inside ahead of the dawn window
  PASS  [want] night 3: the take drains the store on schedule (store 0 == 0, takesTotal 3)
  PASS  [want] night 4 begins
  PASS  [want] the retiring window closes
  PASS  [want] steps out once the yard is empty
  PASS  [want] the milk-house take lands (takesTotal=4, last={'phase': 'night', 'night': 4, 'day': 4, 'minute': 5.85, 'length': 12, 'words': 0, 'firing': 0, 'store': 0, 'unease': 0, 'x': 686, 'y': 256, 'carrying': False, 'inHovel': False, 'ending': None, 'seenBy': None, 'seenCtx': None, 'exchanges': 0, 'carries': 0, 'lessons': 0, 'listens': 0, 'takes': 4, 'zeroStoreRun': 1, 'familyGone': False, 'slipped': False, 'walk': None, 'door': None, 'canSpeak': False, 'lessonDone': False, 'listening': False, 'action': None, 'walkStage': None})
  PASS  [want] back inside ahead of the dawn window
  PASS  [want] night 4: the take drains the store on schedule (store 0 == 0, takesTotal 4)
  PASS  [want] night 5 begins
  PASS  [want] the retiring window closes
  PASS  [want] steps out once the yard is empty
  PASS  [want] the milk-house take lands (takesTotal=5, last={'phase': 'night', 'night': 5, 'day': 5, 'minute': 5.86, 'length': 11, 'words': 0, 'firing': 0, 'store': 0, 'unease': 0, 'x': 686, 'y': 256, 'carrying': False, 'inHovel': False, 'ending': None, 'seenBy': None, 'seenCtx': None, 'exchanges': 0, 'carries': 0, 'lessons': 0, 'listens': 0, 'takes': 5, 'zeroStoreRun': 2, 'familyGone': False, 'slipped': False, 'walk': None, 'door': None, 'canSpeak': False, 'lessonDone': False, 'listening': False, 'action': None, 'walkStage': None})
  PASS  [want] back inside ahead of the dawn window
  PASS  [want] night 5: the take drains the store on schedule (store 0 == 0, takesTotal 5)

== [want] dawn 6: the family is gone ==
  PASS  [want] three consecutive dawns at store 0 (zeroStoreRun 3, familyGone True)
  PASS  [want] the dawn read advances into the epilogue
  PASS  [want] ending id is a designed one (want; §12: ('seen', 'want', 'silence', 'door'))
  PASS  [want] the run ends for want (want)
  PASS  [want] the epilogue model agrees (ending=want, nothingPutBy=True, storeAtFlight=0)
  PASS  [want] the epilogue plays out to afterRun
  PASS  [want] the ending is still recorded at afterRun
  PASS  [want] console clean through the want staging (0 new errors)

== [want] restart ==
  PASS  [want] restart restores a valid initial state (phase=title, night 1, words 0, store 6)

== [silence] boot, title, cold open ==
  PASS  [silence] boots into the title phase
  PASS  [silence] leaving the title works
  PASS  [silence] cold open completes into night 1

== [silence] night 1: one take; nights 2-8 waited out inside ==
  PASS  [silence] the retiring window closes
  PASS  [silence] steps out once the yard is empty
  PASS  [silence] the milk-house take lands (takesTotal=1, last={'phase': 'night', 'night': 1, 'day': 1, 'minute': 5.86, 'length': 14, 'words': 0, 'firing': 0, 'store': 6, 'unease': 0, 'x': 686, 'y': 256, 'carrying': False, 'inHovel': False, 'ending': None, 'seenBy': None, 'seenCtx': None, 'exchanges': 0, 'carries': 0, 'lessons': 0, 'listens': 0, 'takes': 1, 'zeroStoreRun': 0, 'familyGone': False, 'slipped': False, 'walk': None, 'door': None, 'canSpeak': False, 'lessonDone': False, 'listening': False, 'action': None, 'walkStage': None})
  PASS  [silence] back inside ahead of the dawn window
  PASS  [silence] night 1: the take lands (store 4 == 4, takesTotal 1)
  PASS  [silence] night 2 begins
  PASS  [silence] night 3 begins
  PASS  [silence] night 4 begins
  PASS  [silence] night 5 begins
  PASS  [silence] store 1 at dawn 6 selects the errand walk (store 1, walk={'day': 9, 'slots': 2, 'band': 'errand'})
  PASS  [silence] the store never pins at 0, the family stays (zeroStoreRun 0, familyGone False)
  PASS  [silence] night 6 begins
  PASS  [silence] night 7 begins
  PASS  [silence] night 8 begins

== [silence] day 9: the errand walk ==
  PASS  [silence] the errand walk, two slots (walk={'day': 9, 'slots': 2, 'band': 'errand'})
  PASS  [silence] the three go out at the gate
  PASS  [silence] the knock with no words costs a slot (slots=1, words 0)

== [silence] the door: no answer, the clock runs out ==
  PASS  [silence] the door opens when the clock runs out with no answer
  PASS  [silence] ending id is a designed one (silence; §12: ('seen', 'want', 'silence', 'door'))
  PASS  [silence] the run ends in silence at index 0 (ending=silence, exchangesReached 0)

== [silence] aftermath, epilogue, afterRun ==
  PASS  [silence] the epilogue model agrees (ending=silence, exchanges=0, storeAtFlight=1)
  PASS  [silence] the withheld hand holds into the epilogue
  PASS  [silence] the epilogue plays out to afterRun
  PASS  [silence] the ending is still recorded at afterRun
  PASS  [silence] console clean through the silence staging (0 new errors)

== [silence] restart ==
  PASS  [silence] restart restores a valid initial state (phase=title, night 1, words 0, store 6)

== card layout: no glyph off the paper (F8), §9 typography (F10) ==
  PASS  every card line wraps inside the paper's inner width (2898 layouts over 229 strings; overflow: [])
  PASS  every card block clears the paper's foot and the button zone (2898 layouts; misfit: [])
  PASS  every wrapped line holds at most 62 characters — §9's measure asserted in characters (2898 layouts; over: [])
  PASS  card body never crosses §9's 13 px floor (2898 layouts; under: [])
  PASS  card leading holds at 1.5 at every ladder rung (2898 layouts; off: [])
  PASS  every card line is left-aligned at the paper's text edge (2898 layouts; off: [])
  PASS  the text-size setting delivers at least its own ratio on every card (0.85 tolerance for ladder steps; under-delivers: [])
  note  textScale 1: a 4-line card (no buttons) fits at shrink 0.92 (body 20 px) — 'At dawn, two men stood in the lane. The othe'
  note  textScale 1: a 4-line card (buttons) fits at shrink 0.66 (body 15 px) — 'At dawn, two men stood in the lane. The othe'
  note  textScale 1: a 3-line card (buttons) fits at shrink 0.85 (body 19 px) — 'At dawn, two men stood in the lane. The othe'
  note  textScale 1: a 7-line card (buttons) fits at shrink 0.78 (body 17 px) — 'Sound and text'
  note  textScale 1.25: a 4-line card (no buttons) fits at shrink 0.92 (body 25 px) — 'At dawn, two men stood in the lane. The othe'
  note  textScale 1.25: a 4-line card (buttons) fits at shrink 0.78 (body 21 px) — 'At dawn, two men stood in the lane. The othe'
  note  textScale 1.25: a 3-line card (buttons) fits at shrink 0.92 (body 25 px) — 'At dawn, two men stood in the lane. The othe'
  note  textScale 1.25: a 7-line card (buttons) fits at shrink 0.85 (body 23 px) — 'Sound and text'
  note  textScale 1.5: a 4-line card (no buttons) fits at shrink 0.92 (body 30 px) — 'At dawn, two men stood in the lane. The othe'
  note  textScale 1.5: a 4-line card (buttons) fits at shrink 0.78 (body 26 px) — 'At dawn, two men stood in the lane. The othe'
  note  textScale 1.5: a 7-line card (buttons) fits at shrink 0.92 (body 30 px) — 'Sound and text'
  card table (heaviest): body px / wrapped lines / max chars per line, textScale 1 · 1.25 · 1.5
    'At dawn, two men stood in the lane. The othe' (4 logical, buttons): 15/8/60 · 21/8/60 · 26/8/60
    'At dawn, two men stood in the lane. The othe' (4 logical, buttons): 15/8/58 · 21/8/58 · 26/8/58
    'At dawn, two men stood in the lane. The othe' (4 logical, no buttons): 20/8/60 · 25/8/60 · 30/8/60
    'At dawn, two men stood in the lane. The othe' (4 logical, no buttons): 20/8/58 · 25/8/58 · 30/8/58
    'Sound and text' (7 logical, buttons): 17/7/25 · 23/7/25 · 30/7/25
    'Sound and text' (7 logical, buttons): 17/7/25 · 23/7/25 · 30/7/25
  PASS  the about card opens for the layout frame
  PASS  the options frame is at textScale 1.25 (got 1.25)

== epilogue card: the text-size setting delivers (F10) ==
  PASS  [scale1] boots into the title phase
  PASS  [scale1] textScale 1 is in force (got 1)
  PASS  [scale1] leaving the title works
  PASS  [scale1] cold open completes into night 1
  PASS  [scale1] Agatha's retiring patrol finds the creature
  PASS  [scale1] the epilogue opens (ending=seen)
  PASS  [scale1] the lane card fits its paper on screen (491 <= 540)
  PASS  [scale1.5] boots into the title phase
  PASS  [scale1.5] textScale 1.5 is in force (got 1.5)
  PASS  [scale1.5] leaving the title works
  PASS  [scale1.5] cold open completes into night 1
  PASS  [scale1.5] Agatha's retiring patrol finds the creature
  PASS  [scale1.5] the epilogue opens (ending=seen)
  PASS  [scale1.5] the lane card fits its paper on screen (527 <= 620)
  PASS  console clean through both epilogue runs (0 new errors)
  PASS  the epilogue card's body grows with the setting: scale 1 -> 22 px / 6 lines / 57 max chars, scale 1.5 -> 33 px / 6 lines / 60 max chars

== fonts: the Caslon faces load and are really in use (§9, §16.1) ==
  PASS  document.fonts.check: "Libre Caslon Text" is loaded
  PASS  document.fonts.check: "Libre Caslon Display" is loaded
  PASS  skin.pending() holds no font keys (pending: none)
  PASS  the prompt string really renders in Caslon Text, not the Georgia fallback (345.4 vs 321.4 px — 'hold to keep watching · lift the plank')
  PASS  the title string really renders in Caslon Display, not the Georgia fallback (472.9 vs 567.1 px — 'Frankenstein; or, The Modern Prometheus')
  PASS  Text and Display are not the same family (title: Display 472.9 vs Text 607.7 px)
  PASS  Text and Display are not the same family (body: Text 345.4 vs Display 267.1 px)
  PASS  the cold open opens for the prompt-band frame

== audio: the register and the offline renders (§13.5) ==
  PASS  audio.pending(): empty — all twelve §13.5 keys authored []
  PASS  audio.gatedPending(): empty — the release-gate row closes []
  PASS  footfall/snow offline render is not silence (RMS 0.00175 >= 0.0004, peak 0.028 >= 0.008)
  PASS  footfall/path offline render is not silence (RMS 0.00159 >= 0.0004, peak 0.038 >= 0.008)
  PASS  footfall/earth offline render is not silence (RMS 0.00088 >= 0.0004, peak 0.014 >= 0.006)
  PASS  footfall/straw offline render is not silence (RMS 0.00093 >= 0.0004, peak 0.020 >= 0.006)
  PASS  load-down offline render is not silence (RMS 0.01739 >= 0.008, peak 0.290 >= 0.1)
  PASS  latch offline render is not silence (RMS 0.02139 >= 0.005, peak 0.260 >= 0.05)
  PASS  hearth/small offline render is not silence (RMS 0.00620 >= 0.003, peak 0.029 >= 0.012)
  PASS  hearth/high offline render is not silence (RMS 0.01512 >= 0.007, peak 0.071 >= 0.03)
  PASS  taper-strike offline render is not silence (RMS 0.00588 >= 0.003, peak 0.054 >= 0.02)
  PASS  dawn-bird offline render is not silence (RMS 0.03739 >= 0.015, peak 0.306 >= 0.12)
  PASS  wind offline render is not silence (RMS 0.00604 >= 0.003, peak 0.025 >= 0.01)
  PASS  guitar offline render is not silence (RMS 0.05522 >= 0.02, peak 0.270 >= 0.1)
  PASS  the hearth's level follows the fire: built high is louder than small (RMS 0.01512 vs 0.00620; §13.2's second channel)
  PASS  the wind's yard layer rises for the last two night-minutes (RMS 0.02785 vs 0.00604 down)
  PASS  the same render with sound=false is silence (RMS 0)
  PASS  a bed with sound=false is silence too (RMS 0)
  PASS  a missing key renders silence and does not throw (threw=None, RMS 0)
  PASS  F14: the position stage really filters — energy above the wall's 900 Hz corner, yard vs hovel (hf900 0.01127 vs 0.00425; full-band RMS nets the low-pass against the reflection and says nothing)

== audio: the switch on the options plate, and the autoplay gate ==
  PASS  [audio] the options plate opens
  PASS  AudioContext running after the first real input (was 'suspended' before, now 'running')
  PASS  [audio] options.sound off reaches the layer
  PASS  [audio] options.sound on again

== audio: five driven nights — every gated key from real state ==
  PASS  [audio] boots into the title phase
  PASS  [audio] leaving the title works
  PASS  [audio] cold open completes into night 1
  PASS  [audio] night 1: the wind bed is sounding
  PASS  [audio] the cold open's 0:06 beat sounds the guitar
  PASS  [audio] night 1: the retiring window closes
  PASS  [audio] night 1: steps out once the yard is empty
  PASS  [audio] night 1: clearing the path
  PASS  [audio] night 1: the path is cleared
  PASS  [audio] night 1: back inside ahead of the dawn window
  PASS  [audio] dawn 2 without a carry: no latch (played: [{'key': 'guitar', 'position': 'hovel', 'phase': 'coldOpen'}, {'key': 'wind', 'position': 'hovel', 'phase': 'night', 'bed': 'start', 'level': 1}, {'key': 'guitar', 'position': 'hovel', 'phase': 'night'}, {'key': 'wind', 'position': 'hovel', 'phase': 'night', 'bed': 'stop'}, {'key': 'wind', 'position': 'yard', 'phase': 'night', 'bed': 'start', 'level': 1}, {'key': 'footfall/snow', 'position': 'yard', 'phase': 'night'}, {'key': 'footfall/snow', 'position': 'yard', 'phase': 'night'}, {'key': 'footfall/snow', 'position': 'yard', 'phase': 'night'}, {'key': 'footfall/snow', 'position': 'yard', 'phase': 'night'}, {'key': 'footfall/snow', 'position': 'yard', 'phase': 'night'}, {'key': 'footfall/snow', 'position': 'yard', 'phase': 'night'}, {'key': 'footfall/snow', 'position': 'yard', 'phase': 'night'}, {'key': 'footfall/snow', 'position': 'yard', 'phase': 'night'}, {'key': 'footfall/snow', 'position': 'yard', 'phase': 'night'}, {'key': 'footfall/snow', 'position': 'yard', 'phase': 'night'}, {'key': 'footfall/snow', 'position': 'yard', 'phase': 'night'}, {'key': 'footfall/path', 'position': 'yard', 'phase': 'night'}, {'key': 'footfall/path', 'position': 'yard', 'phase': 'night'}, {'key': 'footfall/path', 'position': 'yard', 'phase': 'night'}, {'key': 'footfall/path', 'position': 'yard', 'phase': 'night'}, {'key': 'footfall/path', 'position': 'yard', 'phase': 'night'}, {'key': 'footfall/path', 'position': 'yard', 'phase': 'night'}, {'key': 'footfall/path', 'position': 'yard', 'phase': 'night'}, {'key': 'footfall/path', 'position': 'yard', 'phase': 'night'}, {'key': 'footfall/snow', 'position': 'yard', 'phase': 'night'}, {'key': 'footfall/snow', 'position': 'yard', 'phase': 'night'}, {'key': 'footfall/snow', 'position': 'yard', 'phase': 'night'}, {'key': 'footfall/snow', 'position': 'yard', 'phase': 'night'}, {'key': 'footfall/snow', 'position': 'yard', 'phase': 'night'}, {'key': 'footfall/snow', 'position': 'yard', 'phase': 'night'}, {'key': 'footfall/snow', 'position': 'yard', 'phase': 'night'}, {'key': 'wind', 'position': 'yard', 'phase': 'night', 'bed': 'stop'}, {'key': 'wind', 'position': 'hovel', 'phase': 'night', 'bed': 'start', 'level': 1}, {'key': 'dawn-bird', 'position': 'hovel', 'phase': 'dawnRead'}, {'key': 'wind', 'position': 'hovel', 'phase': 'dawnRead', 'bed': 'stop'}])
  PASS  [audio] a Firing-0 dawn: the hearth is silent (no fire burning)
  PASS  [audio] footfall/snow sounded from a real walk on its surface
  PASS  [audio] footfall/path sounded from a real walk on its surface
  PASS  [audio] the guitar sounds at its seeded hour inside the night
  PASS  [audio] night 2 begins
  PASS  [audio] night 2: the retiring window closes
  PASS  [audio] night 2: steps out once the yard is empty
  PASS  [audio] night 2: a footprint in the beds (unease 1 -> 2)
  PASS  [audio] night 2: the load is taken up
  PASS  [audio] night 2: put down at their door (firing 0 -> 1)
  PASS  [audio] night 2: back inside ahead of the dawn window
  PASS  [audio] the dawn after the first carry sounds the latch, once (played: [{'key': 'guitar', 'position': 'hovel', 'phase': 'coldOpen'}, {'key': 'wind', 'position': 'hovel', 'phase': 'night', 'bed': 'start', 'level': 1}, {'key': 'guitar', 'position': 'hovel', 'phase': 'night'}, {'key': 'wind', 'position': 'hovel', 'phase': 'night', 'bed': 'stop'}, {'key': 'wind', 'position': 'yard', 'phase': 'night', 'bed': 'start', 'level': 1}, {'key': 'footfall/snow', 'position': 'yard', 'phase': 'night'}, {'key': 'footfall/snow', 'position': 'yard', 'phase': 'night'}, {'key': 'footfall/snow', 'position': 'yard', 'phase': 'night'}, {'key': 'footfall/snow', 'position': 'yard', 'phase': 'night'}, {'key': 'footfall/snow', 'position': 'yard', 'phase': 'night'}, {'key': 'footfall/snow', 'position': 'yard', 'phase': 'night'}, {'key': 'footfall/snow', 'position': 'yard', 'phase': 'night'}, {'key': 'footfall/snow', 'position': 'yard', 'phase': 'night'}, {'key': 'footfall/snow', 'position': 'yard', 'phase': 'night'}, {'key': 'footfall/snow', 'position': 'yard', 'phase': 'night'}, {'key': 'footfall/snow', 'position': 'yard', 'phase': 'night'}, {'key': 'footfall/path', 'position': 'yard', 'phase': 'night'}, {'key': 'footfall/path', 'position': 'yard', 'phase': 'night'}, {'key': 'footfall/path', 'position': 'yard', 'phase': 'night'}, {'key': 'footfall/path', 'position': 'yard', 'phase': 'night'}, {'key': 'footfall/path', 'position': 'yard', 'phase': 'night'}, {'key': 'footfall/path', 'position': 'yard', 'phase': 'night'}, {'key': 'footfall/path', 'position': 'yard', 'phase': 'night'}, {'key': 'footfall/path', 'position': 'yard', 'phase': 'night'}, {'key': 'footfall/snow', 'position': 'yard', 'phase': 'night'}, {'key': 'footfall/snow', 'position': 'yard', 'phase': 'night'}, {'key': 'footfall/snow', 'position': 'yard', 'phase': 'night'}, {'key': 'footfall/snow', 'position': 'yard', 'phase': 'night'}, {'key': 'footfall/snow', 'position': 'yard', 'phase': 'night'}, {'key': 'footfall/snow', 'position': 'yard', 'phase': 'night'}, {'key': 'footfall/snow', 'position': 'yard', 'phase': 'night'}, {'key': 'wind', 'position': 'yard', 'phase': 'night', 'bed': 'stop'}, {'key': 'wind', 'position': 'hovel', 'phase': 'night', 'bed': 'start', 'level': 1}, {'key': 'dawn-bird', 'position': 'hovel', 'phase': 'dawnRead'}, {'key': 'wind', 'position': 'hovel', 'phase': 'dawnRead', 'bed': 'stop'}, {'key': 'wind', 'position': 'hovel', 'phase': 'night', 'bed': 'start', 'level': 1}, {'key': 'guitar', 'position': 'hovel', 'phase': 'night'}, {'key': 'wind', 'position': 'hovel', 'phase': 'night', 'bed': 'stop'}, {'key': 'wind', 'position': 'yard', 'phase': 'night', 'bed': 'start', 'level': 1}, {'key': 'footfall/snow', 'position': 'yard', 'phase': 'night'}, {'key': 'footfall/snow', 'position': 'yard', 'phase': 'night'}, {'key': 'footfall/snow', 'position': 'yard', 'phase': 'night'}, {'key': 'footfall/snow', 'position': 'yard', 'phase': 'night'}, {'key': 'footfall/snow', 'position': 'yard', 'phase': 'night'}, {'key': 'footfall/snow', 'position': 'yard', 'phase': 'night'}, {'key': 'footfall/snow', 'position': 'yard', 'phase': 'night'}, {'key': 'footfall/snow', 'position': 'yard', 'phase': 'night'}, {'key': 'footfall/snow', 'position': 'yard', 'phase': 'night'}, {'key': 'footfall/snow', 'position': 'yard', 'phase': 'night'}, {'key': 'footfall/snow', 'position': 'yard', 'phase': 'night'}, {'key': 'footfall/snow', 'position': 'yard', 'phase': 'night'}, {'key': 'footfall/snow', 'position': 'yard', 'phase': 'night'}, {'key': 'footfall/snow', 'position': 'yard', 'phase': 'night'}, {'key': 'footfall/snow', 'position': 'yard', 'phase': 'night'}, {'key': 'footfall/snow', 'position': 'yard', 'phase': 'night'}, {'key': 'footfall/snow', 'position': 'yard', 'phase': 'night'}, {'key': 'footfall/snow', 'position': 'yard', 'phase': 'night'}, {'key': 'footfall/snow', 'position': 'yard', 'phase': 'night'}, {'key': 'footfall/snow', 'position': 'yard', 'phase': 'night'}, {'key': 'footfall/snow', 'position': 'yard', 'phase': 'night'}, {'key': 'footfall/snow', 'position': 'yard', 'phase': 'night'}, {'key': 'footfall/snow', 'position': 'yard', 'phase': 'night'}, {'key': 'footfall/snow', 'position': 'yard', 'phase': 'night'}, {'key': 'footfall/snow', 'position': 'yard', 'phase': 'night'}, {'key': 'footfall/snow', 'position': 'yard', 'phase': 'night'}, {'key': 'footfall/snow', 'position': 'yard', 'phase': 'night'}, {'key': 'footfall/snow', 'position': 'yard', 'phase': 'night'}, {'key': 'footfall/snow', 'position': 'yard', 'phase': 'night'}, {'key': 'footfall/snow', 'position': 'yard', 'phase': 'night'}, {'key': 'footfall/snow', 'position': 'yard', 'phase': 'night'}, {'key': 'footfall/snow', 'position': 'yard', 'phase': 'night'}, {'key': 'footfall/snow', 'position': 'yard', 'phase': 'night'}, {'key': 'footfall/snow', 'position': 'yard', 'phase': 'night'}, {'key': 'footfall/snow', 'position': 'yard', 'phase': 'night'}, {'key': 'footfall/snow', 'position': 'yard', 'phase': 'night'}, {'key': 'footfall/snow', 'position': 'yard', 'phase': 'night'}, {'key': 'footfall/snow', 'position': 'yard', 'phase': 'night'}, {'key': 'footfall/snow', 'position': 'yard', 'phase': 'night'}, {'key': 'footfall/snow', 'position': 'yard', 'phase': 'night'}, {'key': 'footfall/snow', 'position': 'yard', 'phase': 'night'}, {'key': 'footfall/snow', 'position': 'yard', 'phase': 'night'}, {'key': 'footfall/snow', 'position': 'yard', 'phase': 'night'}, {'key': 'footfall/snow', 'position': 'yard', 'phase': 'night'}, {'key': 'footfall/snow', 'position': 'yard', 'phase': 'night'}, {'key': 'footfall/snow', 'position': 'yard', 'phase': 'night'}, {'key': 'footfall/snow', 'position': 'yard', 'phase': 'night'}, {'key': 'footfall/snow', 'position': 'yard', 'phase': 'night'}, {'key': 'load-down', 'position': 'yard', 'phase': 'night'}, {'key': 'footfall/snow', 'position': 'yard', 'phase': 'night'}, {'key': 'footfall/snow', 'position': 'yard', 'phase': 'night'}, {'key': 'footfall/snow', 'position': 'yard', 'phase': 'night'}, {'key': 'footfall/snow', 'position': 'yard', 'phase': 'night'}, {'key': 'footfall/snow', 'position': 'yard', 'phase': 'night'}, {'key': 'footfall/snow', 'position': 'yard', 'phase': 'night'}, {'key': 'footfall/snow', 'position': 'yard', 'phase': 'night'}, {'key': 'footfall/snow', 'position': 'yard', 'phase': 'night'}, {'key': 'footfall/snow', 'position': 'yard', 'phase': 'night'}, {'key': 'footfall/snow', 'position': 'yard', 'phase': 'night'}, {'key': 'hearth/small', 'position': 'hovel', 'phase': 'night', 'bed': 'start', 'level': 1}, {'key': 'wind', 'position': 'yard', 'phase': 'night', 'bed': 'stop'}, {'key': 'wind', 'position': 'hovel', 'phase': 'night', 'bed': 'start', 'level': 1}, {'key': 'dawn-bird', 'position': 'hovel', 'phase': 'dawnRead'}, {'key': 'latch', 'position': 'hovel', 'phase': 'dawnRead'}, {'key': 'wind', 'position': 'hovel', 'phase': 'dawnRead', 'bed': 'stop'}])
  PASS  [audio] the latch is heard through the hovel wall (position: hovel)
  PASS  [audio] the load-down sounds at the door, in the open (1x, position yard)
  PASS  [audio] a Firing-1 dawn read: the hearth bed sounds, small
  PASS  [audio] night 3 begins
  PASS  [audio] dawn 4 with nothing new carried: still one latch, not two (played: [{'key': 'guitar', 'position': 'hovel', 'phase': 'coldOpen'}, {'key': 'wind', 'position': 'hovel', 'phase': 'night', 'bed': 'start', 'level': 1}, {'key': 'guitar', 'position': 'hovel', 'phase': 'night'}, {'key': 'wind', 'position': 'hovel', 'phase': 'night', 'bed': 'stop'}, {'key': 'wind', 'position': 'yard', 'phase': 'night', 'bed': 'start', 'level': 1}, {'key': 'footfall/snow', 'position': 'yard', 'phase': 'night'}, {'key': 'footfall/snow', 'position': 'yard', 'phase': 'night'}, {'key': 'footfall/snow', 'position': 'yard', 'phase': 'night'}, {'key': 'footfall/snow', 'position': 'yard', 'phase': 'night'}, {'key': 'footfall/snow', 'position': 'yard', 'phase': 'night'}, {'key': 'footfall/snow', 'position': 'yard', 'phase': 'night'}, {'key': 'footfall/snow', 'position': 'yard', 'phase': 'night'}, {'key': 'footfall/snow', 'position': 'yard', 'phase': 'night'}, {'key': 'footfall/snow', 'position': 'yard', 'phase': 'night'}, {'key': 'footfall/snow', 'position': 'yard', 'phase': 'night'}, {'key': 'footfall/snow', 'position': 'yard', 'phase': 'night'}, {'key': 'footfall/path', 'position': 'yard', 'phase': 'night'}, {'key': 'footfall/path', 'position': 'yard', 'phase': 'night'}, {'key': 'footfall/path', 'position': 'yard', 'phase': 'night'}, {'key': 'footfall/path', 'position': 'yard', 'phase': 'night'}, {'key': 'footfall/path', 'position': 'yard', 'phase': 'night'}, {'key': 'footfall/path', 'position': 'yard', 'phase': 'night'}, {'key': 'footfall/path', 'position': 'yard', 'phase': 'night'}, {'key': 'footfall/path', 'position': 'yard', 'phase': 'night'}, {'key': 'footfall/snow', 'position': 'yard', 'phase': 'night'}, {'key': 'footfall/snow', 'position': 'yard', 'phase': 'night'}, {'key': 'footfall/snow', 'position': 'yard', 'phase': 'night'}, {'key': 'footfall/snow', 'position': 'yard', 'phase': 'night'}, {'key': 'footfall/snow', 'position': 'yard', 'phase': 'night'}, {'key': 'footfall/snow', 'position': 'yard', 'phase': 'night'}, {'key': 'footfall/snow', 'position': 'yard', 'phase': 'night'}, {'key': 'wind', 'position': 'yard', 'phase': 'night', 'bed': 'stop'}, {'key': 'wind', 'position': 'hovel', 'phase': 'night', 'bed': 'start', 'level': 1}, {'key': 'dawn-bird', 'position': 'hovel', 'phase': 'dawnRead'}, {'key': 'wind', 'position': 'hovel', 'phase': 'dawnRead', 'bed': 'stop'}, {'key': 'wind', 'position': 'hovel', 'phase': 'night', 'bed': 'start', 'level': 1}, {'key': 'guitar', 'position': 'hovel', 'phase': 'night'}, {'key': 'wind', 'position': 'hovel', 'phase': 'night', 'bed': 'stop'}, {'key': 'wind', 'position': 'yard', 'phase': 'night', 'bed': 'start', 'level': 1}, {'key': 'footfall/snow', 'position': 'yard', 'phase': 'night'}, {'key': 'footfall/snow', 'position': 'yard', 'phase': 'night'}, {'key': 'footfall/snow', 'position': 'yard', 'phase': 'night'}, {'key': 'footfall/snow', 'position': 'yard', 'phase': 'night'}, {'key': 'footfall/snow', 'position': 'yard', 'phase': 'night'}, {'key': 'footfall/snow', 'position': 'yard', 'phase': 'night'}, {'key': 'footfall/snow', 'position': 'yard', 'phase': 'night'}, {'key': 'footfall/snow', 'position': 'yard', 'phase': 'night'}, {'key': 'footfall/snow', 'position': 'yard', 'phase': 'night'}, {'key': 'footfall/snow', 'position': 'yard', 'phase': 'night'}, {'key': 'footfall/snow', 'position': 'yard', 'phase': 'night'}, {'key': 'footfall/snow', 'position': 'yard', 'phase': 'night'}, {'key': 'footfall/snow', 'position': 'yard', 'phase': 'night'}, {'key': 'footfall/snow', 'position': 'yard', 'phase': 'night'}, {'key': 'footfall/snow', 'position': 'yard', 'phase': 'night'}, {'key': 'footfall/snow', 'position': 'yard', 'phase': 'night'}, {'key': 'footfall/snow', 'position': 'yard', 'phase': 'night'}, {'key': 'footfall/snow', 'position': 'yard', 'phase': 'night'}, {'key': 'footfall/snow', 'position': 'yard', 'phase': 'night'}, {'key': 'footfall/snow', 'position': 'yard', 'phase': 'night'}, {'key': 'footfall/snow', 'position': 'yard', 'phase': 'night'}, {'key': 'footfall/snow', 'position': 'yard', 'phase': 'night'}, {'key': 'footfall/snow', 'position': 'yard', 'phase': 'night'}, {'key': 'footfall/snow', 'position': 'yard', 'phase': 'night'}, {'key': 'footfall/snow', 'position': 'yard', 'phase': 'night'}, {'key': 'footfall/snow', 'position': 'yard', 'phase': 'night'}, {'key': 'footfall/snow', 'position': 'yard', 'phase': 'night'}, {'key': 'footfall/snow', 'position': 'yard', 'phase': 'night'}, {'key': 'footfall/snow', 'position': 'yard', 'phase': 'night'}, {'key': 'footfall/snow', 'position': 'yard', 'phase': 'night'}, {'key': 'footfall/snow', 'position': 'yard', 'phase': 'night'}, {'key': 'footfall/snow', 'position': 'yard', 'phase': 'night'}, {'key': 'footfall/snow', 'position': 'yard', 'phase': 'night'}, {'key': 'footfall/snow', 'position': 'yard', 'phase': 'night'}, {'key': 'footfall/snow', 'position': 'yard', 'phase': 'night'}, {'key': 'footfall/snow', 'position': 'yard', 'phase': 'night'}, {'key': 'footfall/snow', 'position': 'yard', 'phase': 'night'}, {'key': 'footfall/snow', 'position': 'yard', 'phase': 'night'}, {'key': 'footfall/snow', 'position': 'yard', 'phase': 'night'}, {'key': 'footfall/snow', 'position': 'yard', 'phase': 'night'}, {'key': 'footfall/snow', 'position': 'yard', 'phase': 'night'}, {'key': 'footfall/snow', 'position': 'yard', 'phase': 'night'}, {'key': 'footfall/snow', 'position': 'yard', 'phase': 'night'}, {'key': 'footfall/snow', 'position': 'yard', 'phase': 'night'}, {'key': 'footfall/snow', 'position': 'yard', 'phase': 'night'}, {'key': 'footfall/snow', 'position': 'yard', 'phase': 'night'}, {'key': 'footfall/snow', 'position': 'yard', 'phase': 'night'}, {'key': 'footfall/snow', 'position': 'yard', 'phase': 'night'}, {'key': 'load-down', 'position': 'yard', 'phase': 'night'}, {'key': 'footfall/snow', 'position': 'yard', 'phase': 'night'}, {'key': 'footfall/snow', 'position': 'yard', 'phase': 'night'}, {'key': 'footfall/snow', 'position': 'yard', 'phase': 'night'}, {'key': 'footfall/snow', 'position': 'yard', 'phase': 'night'}, {'key': 'footfall/snow', 'position': 'yard', 'phase': 'night'}, {'key': 'footfall/snow', 'position': 'yard', 'phase': 'night'}, {'key': 'footfall/snow', 'position': 'yard', 'phase': 'night'}, {'key': 'footfall/snow', 'position': 'yard', 'phase': 'night'}, {'key': 'footfall/snow', 'position': 'yard', 'phase': 'night'}, {'key': 'footfall/snow', 'position': 'yard', 'phase': 'night'}, {'key': 'hearth/small', 'position': 'hovel', 'phase': 'night', 'bed': 'start', 'level': 1}, {'key': 'wind', 'position': 'yard', 'phase': 'night', 'bed': 'stop'}, {'key': 'wind', 'position': 'hovel', 'phase': 'night', 'bed': 'start', 'level': 1}, {'key': 'dawn-bird', 'position': 'hovel', 'phase': 'dawnRead'}, {'key': 'latch', 'position': 'hovel', 'phase': 'dawnRead'}, {'key': 'wind', 'position': 'hovel', 'phase': 'dawnRead', 'bed': 'stop'}, {'key': 'wind', 'position': 'hovel', 'phase': 'night', 'bed': 'start', 'level': 1}, {'key': 'guitar', 'position': 'hovel', 'phase': 'night'}, {'key': 'taper-strike', 'position': 'hovel', 'phase': 'night'}, {'key': 'dawn-bird', 'position': 'hovel', 'phase': 'dawnRead'}, {'key': 'wind', 'position': 'hovel', 'phase': 'dawnRead', 'bed': 'stop'}])
  PASS  [audio] the taper strike fires from a real unease-2 night, heard through the wall (1x, {'key': 'taper-strike', 'position': 'hovel', 'phase': 'night'})
  PASS  [audio] night 4 begins
  PASS  [audio] night 4: the retiring window closes
  PASS  [audio] night 4: steps out once the yard is empty
  PASS  [campaign] audio_n4_carry: the load is taken up
  PASS  [campaign] audio_n4_carry: put down at their door (firing 1 -> 2)
  PASS  [campaign] audio_n4_carry: back inside ahead of the dawn window
  PASS  [audio] dawn 5: Firing 2 behind the read (firing 2)
  PASS  [audio] a Firing-2 dawn read: the hearth bed sounds, built high
  PASS  [audio] night 5 begins
  PASS  [audio] night 5: the late retiring window closes
  PASS  [audio] night 5: steps out once the yard is empty
  PASS  [audio] night 5: back inside ahead of the dawn window
  PASS  [audio] footfall/earth sounded from a real walk on its surface
  PASS  [audio] footfall/straw sounded from a real walk on its surface

== audio: the release-gate table closes (§13.5) ==
  PASS  all twelve gated cues fired from real state in one campaign (missing: none)
  PASS  the bird sings at first light and nowhere else (5 dawns, phases ['dawnRead'])

== determinism ==
  PASS  same seed + same input sequence -> same state ({'night': 1, 'words': 0, 'firing': 0, 'store': 6, 'ownFood': 3, 'unease': 0})

== viewport and readability ==
  PASS  1280x800 no scroll overflow
  PASS  1280x800 canvas has non-zero size
  PASS  1280x720 no scroll overflow
  PASS  1280x720 canvas has non-zero size

== reduced motion ==
  PASS  still renders under prefers-reduced-motion

== self-contained and performance ==
  PASS  no external request domains (saw ['127.0.0.1:5199'])
  PASS  no failed resource requests (0)
  PASS  console clean (0 errors)
  PASS  frame p95 9.6 ms <= 33.4 ms (30 FPS floor)
  PASS  no >200 ms stall (worst frame 10.4 ms)
  PASS  no in-game main-thread block > 200 ms (0 over 50 ms)

build: 1.56 MB | external domains: none
result: 333 passed, 0 failed | 51 frames -> /Users/pite/makemoney/novel-to-game/examples/frankenstein/qa/evidence/browser
