
> project-plateau-proof-before-dark@0.1.0 verify:s10
> npm test && npm run build && npm run test:s10


> project-plateau-proof-before-dark@0.1.0 test
> node --test test/*.test.js

✔ every core field cue has a concise sound caption (1.685334ms)
✔ audio settings clamp channel volumes and expose caption state (0.158459ms)
✔ cue history and threat transitions stay observable without Web Audio (0.247417ms)
✔ cue history remains bounded during a long field session (0.121167ms)
✔ foundation exposes the locked viewport and performance budgets (1.474542ms)
✔ procedural placement is deterministic for a recorded seed (0.101292ms)
✔ representative scene contains all declared subject and pressure groups (0.07925ms)
✔ the family asset exposes two adults, three young and both authored behaviors (15.21475ms)
✔ the glade composition protects a lit family-and-basalt sightline (5.340667ms)
✔ frame percentile is stable and keeps the slow tail visible (0.147ms)
✔ runtime sources contain no remote asset or CDN request (4.789875ms)
✔ presentation settings normalize invalid persisted values (1.474625ms)
✔ settings round-trip through versioned storage and can be reset (0.171042ms)
✔ blocked or malformed storage falls back without disabling controls (0.163875ms)
✔ the measured compact route starts with a 180-second light budget (0.982334ms)
✔ fresh and restarted player states are clean copies (0.8425ms)
✔ walking, sprinting and crouching have ordered deterministic speeds (0.543542ms)
✔ pause freezes both world time and movement (0.105542ms)
✔ a solid obstacle blocks penetration and permits axis sliding (0.161917ms)
✔ leaving the navigable world recovers the last stable position (0.099667ms)
✔ zone topology distinguishes the observation fork and both return routes (0.285417ms)
✔ territory, glade, open proof and cover produce four readable threat states (0.648334ms)
✔ examining the brook makes context eligible without awarding evidence (0.179375ms)
✔ successive observed glade plates record young play and branch pull separately (0.224917ms)
✔ camera raise slows movement and shutter commits one physical plate for two live seconds (0.188333ms)
✔ open proof adds two awareness states and contact cracks the best intact plate (0.211084ms)
✔ a later contact without body margin fails while the first contact remains recoverable (0.068708ms)
✔ a timely raised-rifle shot spends one cartridge and interrupts attack (0.158042ms)
✔ pause freezes a raised camera and live shutter commitment without spending a plate (0.077542ms)
✔ restart clears observation, proof, damage and action history (0.077917ms)
✔ intact evidence and all four result thresholds are deterministic (0.086917ms)
✔ covered return commits its deterministic cost once and submits intact proof at Fort (0.166916ms)
✔ an attack-state exposed return cracks the best plate without spending body margin (0.083292ms)
✔ a fired-shot exposed return costs eighteen seconds and preserves its best plate (0.075125ms)
✔ remaining light expires outside Fort with exact cause and actionable cue (0.075958ms)
ℹ tests 35
ℹ suites 0
ℹ pass 35
ℹ fail 0
ℹ cancelled 0
ℹ skipped 0
ℹ todo 0
ℹ duration_ms 153.404584

> project-plateau-proof-before-dark@0.1.0 build
> vite build

vite v8.2.0 building client environment for production...

transforming...✓ 12 modules transformed.
rendering chunks...
computing gzip size...
dist/index.html                   6.78 kB │ gzip:   2.09 kB
dist/assets/index-BtoLHCaQ.css   13.35 kB │ gzip:   4.21 kB
dist/assets/index-CWtQHXh1.js   582.58 kB │ gzip: 150.82 kB

✓ built in 162ms
[plugin builtin:vite-reporter]
(!) Some chunks are larger than 500 kB after minification. Consider:
- Using dynamic import() to code-split the application
- Use build.rolldownOptions.output.codeSplitting to improve chunking: https://rolldown.rs/reference/OutputOptions.codeSplitting
- Adjust chunk size limit for this warning via build.chunkSizeWarningLimit.

> project-plateau-proof-before-dark@0.1.0 test:s10
> python3 test/qa_s10.py

{
  "stage": "s10-glade-clarity",
  "checks": {
    "protectedGladeSightline": true,
    "familyAndBasaltShareSunLane": true,
    "allFiveSubjectsCastShadows": true,
    "observationNoteClearsBeforeHeroFrame": true,
    "focusRegionPixelFloor": true,
    "youngPlayAndBranchPullRemainDistinct": true,
    "achromatopsiaAttackRetainsShapeAndToolState": true,
    "strongBoardUsesFourCapturedViews": true,
    "restartClearsCapturedViews": true,
    "consoleErrors": [],
    "requestHosts": [
      "127.0.0.1:4173"
    ],
    "externalHosts": []
  },
  "focusRegion": {
    "width": 777,
    "height": 504,
    "darkRatio": 0.1979,
    "brightRatio": 0.5926,
    "chromaticRatio": 0.8213
  },
  "performance": {
    "samples": 240,
    "medianFrameMs": 8.3,
    "medianFps": 120.5,
    "onePercentLowFps": 98,
    "worstFrameMs": 10.3
  },
  "source": {
    "scope": "index.html, package manifests, public assets and src",
    "sha256": "424514d687dd247eb1229f95ff9eef1df6a127bc573e5530c52775fa8f5fd268"
  }
}
S10 PASS: build/evidence/s10/report.json
