command=npm run verify
sourceCommit=cd0e163cf859478b4d1c8bea2fd4d8fa665edeee
sourceFingerprint=a22e12e210d86d1c8e256eac70bf303825deb603824a0acef997d1ca06d25d22
runtime=Node.js
runtimeVersion=v25.9.0
packageManager=npm@11.12.1
pythonVersion=3.14.5
browser=Google Chrome 151.0.7922.75
registered=test/audio.test.js,test/capture_visual_upgrade.py,test/collision.test.js,test/controller.test.js,test/entry-mode.test.js,test/foundation.test.js,test/hy3d-field-camera.test.js,test/hy3d-iguanodon.test.js,test/hy3d-pterodactyl.test.js,test/hy3d-rifle.test.js,test/iguanodon.test.js,test/pterodactyl.test.js,test/qa_collision.py,test/qa_controller.py,test/qa_entry.py,test/qa_loading.py,test/qa_motion.py,test/qa_s0.py,test/qa_s1.py,test/qa_s10.py,test/qa_s2.py,test/qa_s3.py,test/qa_s4.py,test/qa_s5.py,test/qa_s6.py,test/qa_s7.py,test/qa_s8.py,test/qa_s9.py,test/qa_visual_targets.py,test/render-budget.test.js,test/settings.test.js,test/simulation.test.js,test/terrain.test.js
excluded={"test/capture_demo_clip.py": "reproducible delivery-media recorder, not a pass/fail test suite", "test/verify.py": "authoritative suite orchestrator; registering it would recurse"}
suite=unit:simulation
cwd=examples/project-plateau/build/app
command=npm test

> project-plateau-proof-before-dark@0.1.0 test
> node --test test/*.test.js

✔ every core field cue has a concise sound caption (1.706583ms)
✔ audio settings clamp channel volumes and expose caption state (0.155625ms)
✔ cue history and threat transitions stay observable without Web Audio (0.244333ms)
✔ cue history remains bounded during a long field session (0.121417ms)
✔ collision contract is a jumping 3D capsule with authored solid/non-solid policy (3.732334ms)
✔ every solid collider is finite, uniquely identified and tied to a visible anchor (0.1695ms)
✔ spawn and authored route checkpoints are outside all solid geometry (18.422542ms)
✔ circle contact follows the curved surface instead of axis-sticking (13.05425ms)
✔ rotated tent collider preserves tangential movement along its authored canvas wall (6.245334ms)
✔ an invalid overlap is deterministically depenetrated before movement resumes (0.2885ms)
✔ simulation ground height follows the same heightfield used by rendering (4.4325ms)
✔ an airborne capsule still collides with tall authored solids (0.147833ms)
✔ gameplay keys are accepted only by an active unpaused field view (0.855667ms)
✔ mouse deltas update heading and pitch with explicit signs and clamps (0.142583ms)
✔ camera-relative planar axes stay orthogonal for arbitrary headings (0.098042ms)
✔ supported desktop environments enter the interactive WebGL2 build (3.262791ms)
✔ missing WebGL2 always routes to the local preview (0.096209ms)
✔ touch-only and undersized devices route to the conversion preview (0.1625ms)
✔ known social in-app browsers route to preview even at a desktop viewport (0.067333ms)
✔ explicit preview is deterministic while interactive override still requires WebGL2 (0.066417ms)
✔ foundation exposes the locked viewport and performance budgets (27.034458ms)
✔ procedural placement is deterministic for a recorded seed (0.197583ms)
✔ representative scene contains all declared subject and pressure groups (0.095041ms)
✔ every authored solid collider stays registered to the rendered object position (298.1495ms)
✔ the family asset exposes two adults, three young and both authored behaviors (98.093375ms)
✔ family actions remain planted while anatomical pivots and branch contact carry motion (69.890292ms)
✔ pterodactyl attack reads as search, fold-dive and close attack from simulation time (206.789ms)
✔ pterodactyl flight uses a visible asymmetric flap cycle instead of a static glide (59.367917ms)
✔ pterodactyl body forward follows the actual orbit and attack travel tangent (62.127834ms)
✔ atmosphere exposes layered humid depth rather than a flat sky backdrop (2.43825ms)
✔ the glade composition protects a lit family-and-basalt sightline (60.315583ms)
✔ environment landmarks use authored organic and fractured silhouettes instead of stretched primitives (60.394583ms)
✔ basalt seams inherit each tilted pillar frame instead of floating in world space (55.279584ms)
✔ route and brook ribbons conform every feathered edge vertex to local terrain (55.624333ms)
✔ every instanced tree keeps its authored root plane in contact with terrain (52.563ms)
✔ every instanced fern stays upright with its root plane touching terrain (51.167875ms)
✔ Fort Plateau reads as pitched canvas shelters with soft camp smoke (53.173542ms)
✔ frame percentile is stable and keeps the slow tail visible (0.122958ms)
✔ one percent low FPS averages the slowest one percent of frame times (0.086917ms)
✔ runtime sources contain no remote asset or CDN request while navigation links may leave the app (8.759959ms)
✔ the central helper prompt clears the protected silver-frame exposure area (0.803291ms)
✔ evidence retention never removes a release-bound resource (82.892625ms)
✔ evidence retention defaults to a non-destructive dry run (55.519291ms)
✔ evidence retention blocks apply when an authoritative root is missing or malformed (108.893417ms)
✔ evidence retention blocks malformed transitive manifests (54.056167ms)
✔ evidence retention rejects symlinks without touching their targets (55.059875ms)
✔ authoritative verification stages recovery outside the authoritative record (61.263292ms)
✔ HY3D camera-and-hands viewmodel is the only production camera asset and stays within budget (3.283041ms)
✔ field-camera loader caches one matte local template (3.402125ms)
✔ camera mount receives one integrated HY3D held-camera visual without procedural hands (1.127917ms)
✔ standalone held camera keeps the wide hand-and-forearm silhouette from the reference (1.438ms)
✔ held camera points its lens away from the player instead of presenting the front element (1.197542ms)
✔ HY3D production asset stays within the approved shared package and render budget (5.27ms)
✔ cached loader fetches once and reuses a prepared template (2.5745ms)
✔ shared morph targets restore behavioral posing without duplicating the source mesh (32.234541ms)
✔ young family members reuse the adult mesh with a persistent juvenile proportion morph (41.641542ms)
✔ HY3D instances share heavy geometry and material resources (0.837583ms)
✔ play and reach poses move anatomy while keeping a diagonal support pair planted (0.439ms)
✔ adult HY3D swap hides the fallback without changing family roles or young assets (83.222584ms)
✔ production family mode can reuse the same HY3D resource for adults and young (33.510125ms)
✔ attaching twice is idempotent and preserves the procedural fallback meshes (15.628458ms)
✔ HY3D pterodactyl asset stays within the approved shared delivery budget (3.178625ms)
✔ pterodactyl loader caches one matte template with shared flight morphs (11.864666ms)
✔ flight instances share geometry and accept independent morph poses (81.518625ms)
✔ flock upgrade hides procedural meshes once and reuses the HY3D template (28.557542ms)
✔ standalone visual uses the expected scale, orientation and centered source (0.232417ms)
✔ HY3D rifle-and-hands viewmodel is the only production gun asset and stays within budget (4.366ms)
✔ rifle loader caches one matte local template (8.884667ms)
✔ rifle mount receives one integrated HY3D held-rifle visual without procedural hands (0.550542ms)
✔ standalone held-rifle instance preserves the long local-Z silhouette plus hand width (0.283708ms)
✔ adult Iguanodon is a grounded articulated loft model rather than a primitive blob (56.707834ms)
✔ young Iguanodon keeps the same action rig with distinct proportions and palette (14.649208ms)
✔ pterodactyl is an articulated thick-membrane creature rather than a paper triangle (60.374708ms)
✔ pterodactyl exposes multi-joint wings and readable anatomical anchors (18.950333ms)
✔ pterodactyl membrane has clay skin, darker veins and restrained translucency (30.699208ms)
✔ pterodactyl wrists carry three grasping free digits distinct from the long wing finger (9.231125ms)
✔ pterodactyl rear feet have connected soles, pads and three tapered clawed toes (14.968875ms)
✔ render scale caps Retina fill-rate without degrading standard displays (1.802083ms)
✔ quality profiles expose bounded fill-rate and active cadence budgets (2.82175ms)
✔ render cadence saves power on title and pause while preserving active play (0.113791ms)
✔ active rendering remains near 60 FPS across standard and high-refresh displays (1.948083ms)
✔ idle cadence remains stable on a 120 Hz display (0.173583ms)
✔ presentation settings normalize invalid persisted values (2.261958ms)
✔ settings round-trip through versioned storage and can be reset (0.285917ms)
✔ blocked or malformed storage falls back without disabling controls (0.216375ms)
✔ the measured compact route starts with a 180-second light budget (1.442166ms)
✔ fresh and restarted player states are clean copies (1.036292ms)
✔ walking, sprinting and crouching have ordered deterministic speeds (11.969459ms)
✔ movement accelerates, coasts briefly, and settles instead of snapping between speeds (3.4065ms)
✔ a fast reversal must shed forward velocity before building speed backward (1.561417ms)
✔ rotated view keeps WASD aligned with the camera horizontal axes (0.863792ms)
✔ pause freezes both world time and movement (0.118917ms)
✔ jump has deterministic takeoff, apex and landing without double-jump (2.01825ms)
✔ jump is rejected while crouching, holding a tool, exposing or paused (0.656125ms)
✔ one large delta and fixed slices produce the same ballistic landing (3.323958ms)
✔ focus loss releases held tools while preserving an exposure already in flight (0.345083ms)
✔ a solid obstacle blocks penetration and permits axis sliding (1.702458ms)
✔ a long simulation step cannot tunnel through a circular obstacle (2.233875ms)
✔ leaving the navigable world recovers the last stable position (0.158833ms)
✔ zone topology distinguishes the observation fork and both return routes (0.054791ms)
✔ territory, glade, open proof and cover produce four readable threat states (8.196042ms)
✔ examining the brook makes context eligible without awarding evidence (0.299875ms)
✔ successive observed glade plates record young play and branch pull separately (0.169042ms)
✔ camera raise slows movement and shutter commits one physical plate for two live seconds (5.740917ms)
✔ open proof adds two awareness states and contact cracks the best intact plate (6.905708ms)
✔ a later contact without body margin fails while the first contact remains recoverable (0.104916ms)
✔ a timely raised-rifle shot spends one cartridge and interrupts attack (0.428083ms)
✔ pause freezes a raised camera and live shutter commitment without spending a plate (0.108625ms)
✔ restart clears observation, proof, damage and action history (0.081792ms)
✔ intact evidence and all four result thresholds are deterministic (0.092458ms)
✔ covered return commits its deterministic cost once and submits intact proof at Fort (0.480167ms)
✔ an attack-state exposed return cracks the best plate without spending body margin (0.182917ms)
✔ a fired-shot exposed return costs eighteen seconds and preserves its best plate (0.426917ms)
✔ remaining light expires outside Fort with exact cause and actionable cue (0.179583ms)
✔ terrain field is deterministic, finite and visibly multi-scale (4.100875ms)
✔ terrain derivatives stay gentle on the playable route while preserving rolling relief (0.308042ms)
✔ terrain renders as a bounded low-cost layer without a repeated marker-like ground-cover field (117.02ms)
ℹ tests 117
ℹ suites 0
ℹ pass 117
ℹ fail 0
ℹ cancelled 0
ℹ skipped 0
ℹ todo 0
ℹ duration_ms 1961.983542
exitCode=0
durationMs=2237
suite=build:production
cwd=examples/project-plateau/build/app
command=npm run build

> project-plateau-proof-before-dark@0.1.0 build
> vite build

vite v8.2.0 building client environment for production...
[2K
transforming...✓ 48 modules transformed.
rendering chunks...
computing gzip size...
dist/index.html                                9.39 kB │ gzip:   2.96 kB
dist/assets/index-NJZTe-wq.css                18.62 kB │ gzip:   5.63 kB
dist/assets/index-Daq1iLjK.js                  6.12 kB │ gzip:   2.58 kB
dist/assets/GLTFLoader-DB8oIB9H.js            43.28 kB │ gzip:  12.86 kB
dist/assets/BufferGeometryUtils-qQM6QJN6.js  253.24 kB │ gzip:  67.91 kB
dist/assets/main-BfWn2Mkr.js                 612.12 kB │ gzip: 187.63 kB

✓ built in 288ms

[plugin builtin:vite-reporter]
(!) Some chunks are larger than 500 kB after minification. Consider:
- Using dynamic import() to code-split the application
- Use build.rolldownOptions.output.codeSplitting to improve chunking: https://rolldown.rs/reference/OutputOptions.codeSplitting
- Adjust chunk size limit for this warning via build.chunkSizeWarningLimit.
exitCode=0
durationMs=720
suite=browser:checkpoint-history
cwd=examples/project-plateau/build/app
command=python3 test/qa_s0.py
{
  "stage": "s0-renderer",
  "source": {
    "scope": "index.html, package manifests, public assets and src",
    "sha256": "a22e12e210d86d1c8e256eac70bf303825deb603824a0acef997d1ca06d25d22"
  },
  "environment": {
    "node": "v25.9.0",
    "npm": "11.12.1",
    "vite": "8.2.0",
    "three": "0.185.1",
    "python": "3.14.5",
    "browser": "Google Chrome 150.0.7871.187",
    "baseUrl": "http://127.0.0.1:4173"
  },
  "checks": {
    "webgl2": true,
    "titleMenu": true,
    "fieldOrder": true,
    "representativeHeavyFrame": true,
    "minimumViewport": true,
    "consoleErrors": [],
    "requestHosts": [
      "",
      "127.0.0.1:4173"
    ],
    "externalHosts": []
  },
  "performance": {
    "samples": 240,
    "medianFrameMs": 16.7,
    "medianFps": 59.9,
    "onePercentLowFps": 56.5,
    "worstFrameMs": 17.7
  },
  "loading": {
    "observedTtiMs": 7383.8,
    "budgetTtiMs": 8000,
    "distRawBytes": 6842929,
    "distGzipBytes": 4973191,
    "initialCompressedBudgetBytes": 20971520
  },
  "render": {
    "stage": "s10-glade-clarity",
    "mode": "field",
    "cameraMode": "glade",
    "visualReviewOrbit": null,
    "runActive": true,
    "pointerLock": {
      "active": false,
      "status": "unavailable",
      "error": "The browser denied pointer lock. Click Resume field work to retry.",
      "cameraForward": {
        "x": -0.2649,
        "y": -0.0433,
        "z": -0.9633
      }
    },
    "renderer": "WebGL2",
    "player": {
      "position": {
        "x": 3,
        "z": 70
      },
      "lastStablePosition": {
        "x": 3,
        "z": 70
      },
      "groundY": 0.23,
      "verticalOffset": 0,
      "verticalVelocity": 0,
      "grounded": true,
      "velocity": {
        "x": 0,
        "z": 0
      },
      "heading": 0,
      "pitch": 0,
      "stance": "walk",
      "elapsedSeconds": 1.032,
      "distanceTravelled": 0,
      "paused": false,
      "pauseReason": null,
      "boundaryRecoveries": 0,
      "collisions": 0,
      "lastEvent": "idle",
      "zone": "fort",
      "zoneHistory": [
        "fort"
      ],
      "reachedGlade": false,
      "inCover": false,
      "coverSeconds": 0,
      "sprintExposureSeconds": 0,
      "sprintEscalationCharged": false,
      "threatAwareness": 0,
      "threatState": "distant",
      "lastThreatEvent": "distant",
      "attackSeconds": 0,
      "examinedTrack": false,
      "observedBehavior": false,
      "lastObservation": null,
      "cameraRaised": false,
      "plateRailRevealed": false,
      "pendingExposure": null,
      "previewSeconds": 0,
      "lastProofEvent": null,
      "plates": [
        {
          "index": 0,
          "status": "unexposed",
          "points": 0,
          "lostPoints": 0,
          "label": null,
          "frameKey": null
        },
        {
          "index": 1,
          "status": "unexposed",
          "points": 0,
          "lostPoints": 0,
          "label": null,
          "frameKey": null
        },
        {
          "index": 2,
          "status": "unexposed",
          "points": 0,
          "lostPoints": 0,
          "label": null,
          "frameKey": null
        },
        {
          "index": 3,
          "status": "unexposed",
          "points": 0,
          "lostPoints": 0,
          "label": null,
          "frameKey": null
        }
      ],
      "cartridges": 2,
      "rifleRaised": false,
      "rifleRevealed": false,
      "gunshotFired": false,
      "brookResponse": null,
      "shotCount": 0,
      "bodyMargin": 1,
      "failed": false,
      "failureCause": null,
      "contactCount": 0,
      "remainingLight": 178.968,
      "returnRoute": null,
      "returnCostSeconds": 0,
      "returnStrike": false,
      "runStatus": "active",
      "result": null
    },
    "threatVisual": {
      "state": "distant",
      "response": "orbit",
      "attackStage": "orbit",
      "attackProgress": 0,
      "flightPose": {
        "wingBeat": 0.1759,
        "wingFold": 0,
        "mode": "upstroke",
        "bank": 0.1041,
        "direction": [
          -0.6481,
          0.1532,
          0.746
        ]
      },
      "position": {
        "x": 27.75,
        "y": 23.67,
        "z": -6.05
      },
      "scale": 0.88,
      "anchorModel": "fixed-world-orbit-latched-attack-origin"
    },
    "familyVisual": {
      "moment": "glade-young-play",
      "adults": 2,
      "young": 3,
      "branchAngle": 0.03,
      "branchContactDistance": 0.908,
      "positions": [
        {
          "x": -8,
          "y": -0.593,
          "z": -31
        },
        {
          "x": 10.5,
          "y": -0.279,
          "z": -39
        },
        {
          "x": -2.2,
          "y": -1.059,
          "z": -24.8
        },
        {
          "x": 3.4,
          "y": -0.765,
          "z": -27.2
        },
        {
          "x": 2.5,
          "y": -0.323,
          "z": -35
        }
      ],
      "roles": [
        "graze",
        "branch-pull",
        "young-play",
        "young-play",
        "stay-close"
      ]
    },
    "brookResponseVisual": {
      "state": null,
      "position": {
        "x": -10.5,
        "y": -0.6,
        "z": 47
      }
    },
    "assets": {
      "terrain": {
        "profile": "warped-multiscale-heightfield",
        "vertices": 10961,
        "surface": "slope-wetness-exposure-vertex-palette"
      },
      "fieldCamera": {
        "version": "hy3d-v3.1-field-camera-hands-v4-rear-view-50k-1k",
        "visualStatus": "hy3d-field-camera-ready",
        "visualError": null,
        "loaded": true,
        "singleAssetPath": true,
        "bytes": 1108408,
        "triangles": 50000,
        "visibleParts": 1,
        "hands": {
          "loaded": true,
          "styleVersion": "hy3d-v3.1-field-camera-hands-v4-rear-view-50k-1k",
          "hands": 2,
          "gripRoles": [
            "camera-left-grip",
            "camera-right-grip"
          ],
          "drawCalls": 1,
          "integratedWithTool": true
        }
      },
      "rifle": {
        "version": "hy3d-v3.1-expedition-rifle-hands-v1-50k-1k",
        "visualStatus": "hy3d-rifle-ready",
        "visualError": null,
        "loaded": true,
        "singleAssetPath": true,
        "bytes": 1000112,
        "triangles": 50000,
        "visibleParts": 2,
        "hands": {
          "loaded": true,
          "styleVersion": "hy3d-v3.1-expedition-rifle-hands-v1-50k-1k",
          "hands": 2,
          "gripRoles": [
            "fore-end-support",
            "trigger-grip"
          ],
          "drawCalls": 1,
          "integratedWithTool": true
        }
      },
      "pterodactyl": {
        "silhouette": "continuous-skinned-membrane-wing",
        "projectedShadow": "moving-winged-ground-shadow",
        "visibleParts": 13,
        "visualStatus": "hy3d-flock-ready",
        "visualError": null,
        "hy3d": {
          "version": "hy3d-v3.5-stylized-30k-1k",
          "bytes": 1327456,
          "loaded": 3,
          "sharedResource": true,
          "runtimeMorphPose": true,
          "poseTargets": [
            "wingUp",
            "wingDown",
            "diveFold"
          ]
        }
      },
      "cover": {
        "archCount": 5,
        "visibleParts": 35
      },
      "family": {
        "adults": 2,
        "young": 3,
        "behaviors": [
          "graze",
          "branch-pull",
          "young-play"
        ],
        "branchPresent": true,
        "visualStatus": "hy3d-family-ready",
        "visualError": null,
        "hy3d": {
          "version": "hy3d-v3.5-stylized-25k-1k",
          "bytes": 1089008,
          "loadedAdults": 2,
          "loadedYoung": 3,
          "sharedResource": true,
          "staticSourceMesh": true,
          "runtimeMorphPose": true,
          "poseTargets": [
            "graze",
            "reach",
            "play",
            "tailLeft",
            "tailRight",
            "juvenile"
          ]
        },
        "visibleParts": 52
      },
      "gladeComposition": {
        "sightlineHalfWidth": 22,
        "sunLanePresent": true,
        "shadowCastingSubjects": 5,
        "familyWidth": 18.5
      }
    },
    "collision": {
      "model": "vertical-capsule-on-heightfield-with-ballistic-jump",
      "broadPhase": "authored-static-collider-list",
      "resolution": "iterative-depenetration-with-surface-slide",
      "fixedMovementStepSeconds": 0.016666666666666666,
      "jump": {
        "speed": 5.8,
        "gravity": 15,
        "restrictedByTools": true
      },
      "capsule": {
        "radius": 0.6,
        "height": 1.78,
        "eyeHeight": 1.62,
        "maximumGroundStep": 0.42
      },
      "colliderCount": 59,
      "categories": {
        "shelter": 2,
        "hazard": 1,
        "boulder": 1,
        "tree-trunk": 50,
        "living-subject": 5
      },
      "nonSolidPolicy": {
        "lowDecor": [
          "ferns",
          "ground-stones",
          "driftwood",
          "basalt-rubble"
        ],
        "traversableSurface": [
          "brook-water",
          "route-ribbons"
        ],
        "airborneThreat": "state-driven-contact; no ground capsule",
        "canopy": "visual cover only; trunks remain solid"
      }
    },
    "audio": {
      "status": "running",
      "volumes": {
        "ambience": 0.34,
        "effects": 0.72,
        "music": 0.2
      },
      "captionsEnabled": true,
      "threatState": "distant",
      "recentCues": [
        {
          "cue": "field-start",
          "caption": "[brook water and insects under the canopy]",
          "at": 0
        }
      ]
    },
    "presentationSettings": {
      "reducedMotion": false,
      "captionsEnabled": true,
      "textScale": "1",
      "quality": "balanced",
      "lookSensitivity": 1,
      "volumes": {
        "ambience": 0.34,
        "effects": 0.72,
        "music": 0.2
      },
      "storageKey": "project-plateau:presentation:v2"
    },
    "ui": {
      "prompt": null,
      "cameraOverlay": false,
      "rifleOverlay": false,
      "plateRail": false,
      "platePreview": null,
      "capturedPlateImages": [
        false,
        false,
        false,
        false
      ],
      "fieldNote": null,
      "contactNote": null,
      "cartridgesVisible": false,
      "caption": "[brook water and insects under the canopy]",
      "lightWatch": null,
      "terminal": null
    },
    "plateCapture": {
      "status": "idle",
      "durationMs": null,
      "error": null
    },
    "sceneChildren": 62,
    "calls": 1,
    "triangles": 1,
    "textures": 35,
    "geometries": 615,
    "viewport": [
      1440,
      900
    ],
    "renderBudget": {
      "pixelRatio": 1,
      "maxPixelRatio": 1.25,
      "quality": "balanced",
      "activeFpsCap": 60,
      "renderedFrames": 77,
      "skippedFrames": 81,
      "activeFpsPolicy": "60fps-cap-across-refresh-rates",
      "idleFpsCap": 30,
      "pausedFpsCap": 15,
      "hiddenFpsCap": 4,
      "powerPreference": "default",
      "preserveDrawingBuffer": false,
      "gtaoSamples": 4,
      "antialiasing": "single-pass-fxaa"
    },
    "firstRenderedAt": 2355,
    "recentMedianFrameMs": 16.7
  },
  "minimumRender": {
    "stage": "s10-glade-clarity",
    "mode": "field",
    "cameraMode": "glade",
    "visualReviewOrbit": null,
    "runActive": true,
    "pointerLock": {
      "active": false,
      "status": "unavailable",
      "error": "The browser denied pointer lock. Click Resume field work to retry.",
      "cameraForward": {
        "x": -0.2649,
        "y": -0.0433,
        "z": -0.9633
      }
    },
    "renderer": "WebGL2",
    "player": {
      "position": {
        "x": 3,
        "z": 70
      },
      "lastStablePosition": {
        "x": 3,
        "z": 70
      },
      "groundY": 0.23,
      "verticalOffset": 0,
      "verticalVelocity": 0,
      "grounded": true,
      "velocity": {
        "x": 0,
        "z": 0
      },
      "heading": 0,
      "pitch": 0,
      "stance": "walk",
      "elapsedSeconds": 5.849,
      "distanceTravelled": 0,
      "paused": false,
      "pauseReason": null,
      "boundaryRecoveries": 0,
      "collisions": 0,
      "lastEvent": "idle",
      "zone": "fort",
      "zoneHistory": [
        "fort"
      ],
      "reachedGlade": false,
      "inCover": false,
      "coverSeconds": 0,
      "sprintExposureSeconds": 0,
      "sprintEscalationCharged": false,
      "threatAwareness": 0,
      "threatState": "distant",
      "lastThreatEvent": "distant",
      "attackSeconds": 0,
      "examinedTrack": false,
      "observedBehavior": false,
      "lastObservation": null,
      "cameraRaised": false,
      "plateRailRevealed": false,
      "pendingExposure": null,
      "previewSeconds": 0,
      "lastProofEvent": null,
      "plates": [
        {
          "index": 0,
          "status": "unexposed",
          "points": 0,
          "lostPoints": 0,
          "label": null,
          "frameKey": null
        },
        {
          "index": 1,
          "status": "unexposed",
          "points": 0,
          "lostPoints": 0,
          "label": null,
          "frameKey": null
        },
        {
          "index": 2,
          "status": "unexposed",
          "points": 0,
          "lostPoints": 0,
          "label": null,
          "frameKey": null
        },
        {
          "index": 3,
          "status": "unexposed",
          "points": 0,
          "lostPoints": 0,
          "label": null,
          "frameKey": null
        }
      ],
      "cartridges": 2,
      "rifleRaised": false,
      "rifleRevealed": false,
      "gunshotFired": false,
      "brookResponse": null,
      "shotCount": 0,
      "bodyMargin": 1,
      "failed": false,
      "failureCause": null,
      "contactCount": 0,
      "remainingLight": 174.151,
      "returnRoute": null,
      "returnCostSeconds": 0,
      "returnStrike": false,
      "runStatus": "active",
      "result": null
    },
    "threatVisual": {
      "state": "distant",
      "response": "orbit",
      "attackStage": "orbit",
      "attackProgress": 0,
      "flightPose": {
        "wingBeat": 0.2891,
        "wingFold": 0,
        "mode": "upstroke",
        "bank": 0.0552,
        "direction": [
          -0.9869,
          -0.0609,
          0.1496
        ]
      },
      "position": {
        "x": 11.52,
        "y": 23.88,
        "z": 0.31
      },
      "scale": 0.88,
      "anchorModel": "fixed-world-orbit-latched-attack-origin"
    },
    "familyVisual": {
      "moment": "glade-branch-pull",
      "adults": 2,
      "young": 3,
      "branchAngle": 0.092,
      "branchContactDistance": 0.492,
      "positions": [
        {
          "x": -8,
          "y": -0.6,
          "z": -31
        },
        {
          "x": 10.5,
          "y": -0.301,
          "z": -39
        },
        {
          "x": -2.2,
          "y": -1.027,
          "z": -24.8
        },
        {
          "x": 3.4,
          "y": -0.782,
          "z": -27.2
        },
        {
          "x": 2.5,
          "y": -0.321,
          "z": -35
        }
      ],
      "roles": [
        "graze",
        "branch-pull",
        "young-play",
        "young-play",
        "stay-close"
      ]
    },
    "brookResponseVisual": {
      "state": null,
      "position": {
        "x": -10.5,
        "y": -0.6,
        "z": 47
      }
    },
    "assets": {
      "terrain": {
        "profile": "warped-multiscale-heightfield",
        "vertices": 10961,
        "surface": "slope-wetness-exposure-vertex-palette"
      },
      "fieldCamera": {
        "version": "hy3d-v3.1-field-camera-hands-v4-rear-view-50k-1k",
        "visualStatus": "hy3d-field-camera-ready",
        "visualError": null,
        "loaded": true,
        "singleAssetPath": true,
        "bytes": 1108408,
        "triangles": 50000,
        "visibleParts": 1,
        "hands": {
          "loaded": true,
          "styleVersion": "hy3d-v3.1-field-camera-hands-v4-rear-view-50k-1k",
          "hands": 2,
          "gripRoles": [
            "camera-left-grip",
            "camera-right-grip"
          ],
          "drawCalls": 1,
          "integratedWithTool": true
        }
      },
      "rifle": {
        "version": "hy3d-v3.1-expedition-rifle-hands-v1-50k-1k",
        "visualStatus": "hy3d-rifle-ready",
        "visualError": null,
        "loaded": true,
        "singleAssetPath": true,
        "bytes": 1000112,
        "triangles": 50000,
        "visibleParts": 2,
        "hands": {
          "loaded": true,
          "styleVersion": "hy3d-v3.1-expedition-rifle-hands-v1-50k-1k",
          "hands": 2,
          "gripRoles": [
            "fore-end-support",
            "trigger-grip"
          ],
          "drawCalls": 1,
          "integratedWithTool": true
        }
      },
      "pterodactyl": {
        "silhouette": "continuous-skinned-membrane-wing",
        "projectedShadow": "moving-winged-ground-shadow",
        "visibleParts": 13,
        "visualStatus": "hy3d-flock-ready",
        "visualError": null,
        "hy3d": {
          "version": "hy3d-v3.5-stylized-30k-1k",
          "bytes": 1327456,
          "loaded": 3,
          "sharedResource": true,
          "runtimeMorphPose": true,
          "poseTargets": [
            "wingUp",
            "wingDown",
            "diveFold"
          ]
        }
      },
      "cover": {
        "archCount": 5,
        "visibleParts": 35
      },
      "family": {
        "adults": 2,
        "young": 3,
        "behaviors": [
          "graze",
          "branch-pull",
          "young-play"
        ],
        "branchPresent": true,
        "visualStatus": "hy3d-family-ready",
        "visualError": null,
        "hy3d": {
          "version": "hy3d-v3.5-stylized-25k-1k",
          "bytes": 1089008,
          "loadedAdults": 2,
          "loadedYoung": 3,
          "sharedResource": true,
          "staticSourceMesh": true,
          "runtimeMorphPose": true,
          "poseTargets": [
            "graze",
            "reach",
            "play",
            "tailLeft",
            "tailRight",
            "juvenile"
          ]
        },
        "visibleParts": 52
      },
      "gladeComposition": {
        "sightlineHalfWidth": 22,
        "sunLanePresent": true,
        "shadowCastingSubjects": 5,
        "familyWidth": 18.5
      }
    },
    "collision": {
      "model": "vertical-capsule-on-heightfield-with-ballistic-jump",
      "broadPhase": "authored-static-collider-list",
      "resolution": "iterative-depenetration-with-surface-slide",
      "fixedMovementStepSeconds": 0.016666666666666666,
      "jump": {
        "speed": 5.8,
        "gravity": 15,
        "restrictedByTools": true
      },
      "capsule": {
        "radius": 0.6,
        "height": 1.78,
        "eyeHeight": 1.62,
        "maximumGroundStep": 0.42
      },
      "colliderCount": 59,
      "categories": {
        "shelter": 2,
        "hazard": 1,
        "boulder": 1,
        "tree-trunk": 50,
        "living-subject": 5
      },
      "nonSolidPolicy": {
        "lowDecor": [
          "ferns",
          "ground-stones",
          "driftwood",
          "basalt-rubble"
        ],
        "traversableSurface": [
          "brook-water",
          "route-ribbons"
        ],
        "airborneThreat": "state-driven-contact; no ground capsule",
        "canopy": "visual cover only; trunks remain solid"
      }
    },
    "audio": {
      "status": "running",
      "volumes": {
        "ambience": 0.34,
        "effects": 0.72,
        "music": 0.2
      },
      "captionsEnabled": true,
      "threatState": "distant",
      "recentCues": [
        {
          "cue": "field-start",
          "caption": "[brook water and insects under the canopy]",
          "at": 0
        }
      ]
    },
    "presentationSettings": {
      "reducedMotion": false,
      "captionsEnabled": true,
      "textScale": "1",
      "quality": "balanced",
      "lookSensitivity": 1,
      "volumes": {
        "ambience": 0.34,
        "effects": 0.72,
        "music": 0.2
      },
      "storageKey": "project-plateau:presentation:v2"
    },
    "ui": {
      "prompt": null,
      "cameraOverlay": false,
      "rifleOverlay": false,
      "plateRail": false,
      "platePreview": null,
      "capturedPlateImages": [
        false,
        false,
        false,
        false
      ],
      "fieldNote": null,
      "contactNote": null,
      "cartridgesVisible": false,
      "caption": "[brook water and insects under the canopy]",
      "lightWatch": null,
      "terminal": null
    },
    "plateCapture": {
      "status": "idle",
      "durationMs": null,
      "error": null
    },
    "sceneChildren": 62,
    "calls": 1,
    "triangles": 1,
    "textures": 35,
    "geometries": 615,
    "viewport": [
      1280,
      720
    ],
    "renderBudget": {
      "pixelRatio": 1,
      "maxPixelRatio": 1.25,
      "quality": "balanced",
      "activeFpsCap": 60,
      "renderedFrames": 366,
      "skippedFrames": 369,
      "activeFpsPolicy": "60fps-cap-across-refresh-rates",
      "idleFpsCap": 30,
      "pausedFpsCap": 15,
      "hiddenFpsCap": 4,
      "powerPreference": "default",
      "preserveDrawingBuffer": false,
      "gtaoSamples": 4,
      "antialiasing": "single-pass-fxaa"
    },
    "firstRenderedAt": 2355,
    "recentMedianFrameMs": 16.7
  },
  "screenshots": [
    "build/evidence/s0/01-title.jpg",
    "build/evidence/s0/02-field-order.jpg",
    "build/evidence/s0/03-glade-heavy.jpg",
    "build/evidence/s0/04-minimum-viewport.jpg"
  ],
  "limitations": [
    "S0 proves the renderer, representative scene density, loading and viewport baseline only.",
    "Player locomotion, collision, gameplay state, audio and complete-run evidence remain later gates.",
    "Performance was sampled headlessly on one development machine and is not a target-device matrix."
  ]
}
S0 PASS: build/evidence/s0/report.json
exitCode=0
durationMs=18748
suite=browser:checkpoint-history
cwd=examples/project-plateau/build/app
command=python3 test/qa_s1.py
{
  "stage": "s1-controller",
  "checks": {
    "walk": true,
    "sprint": true,
    "crouch": true,
    "viewRelativeMovement": true,
    "collisionSlide": true,
    "boundaryRecovery": true,
    "manualPauseFreeze": true,
    "focusLossFreeze": true,
    "cleanRestart": true,
    "consoleErrors": [],
    "requestHosts": [
      "",
      "127.0.0.1:4173"
    ],
    "externalHosts": []
  },
  "continuousSmoke": {
    "requestedSeconds": 60.0,
    "wallSeconds": 60.01,
    "simulatedElapsedGain": 60.007,
    "inputSegments": 30,
    "lifecycleRestarts": 0,
    "memory": {
      "used": 55356180,
      "total": 86344188
    }
  },
  "performance": {
    "samples": 240,
    "medianFrameMs": 16.7,
    "medianFps": 59.9,
    "onePercentLowFps": 56.7,
    "worstFrameMs": 17.7
  },
  "source": {
    "scope": "index.html, package manifests, public assets and src",
    "sha256": "a22e12e210d86d1c8e256eac70bf303825deb603824a0acef997d1ca06d25d22"
  }
}
S1 PASS: build/evidence/s1/report.json
exitCode=0
durationMs=74274
suite=browser:checkpoint-history
cwd=examples/project-plateau/build/app
command=python3 test/qa_s2.py
{
  "stage": "s2-topology",
  "checks": {
    "connectedZoneHistory": true,
    "distant": true,
    "watch": true,
    "search": true,
    "attack": true,
    "coverDeescalation": true,
    "noThreatMeter": true,
    "consoleErrors": [],
    "requestHosts": [
      "",
      "127.0.0.1:4173"
    ],
    "externalHosts": []
  },
  "performance": {
    "samples": 240,
    "medianFrameMs": 16.7,
    "medianFps": 59.9,
    "onePercentLowFps": 39.6,
    "worstFrameMs": 25.4
  },
  "source": {
    "scope": "index.html, package manifests, public assets and src",
    "sha256": "a22e12e210d86d1c8e256eac70bf303825deb603824a0acef997d1ca06d25d22"
  }
}
S2 PASS: build/evidence/s2/report.json
exitCode=0
durationMs=18922
suite=browser:checkpoint-history
cwd=examples/project-plateau/build/app
command=python3 test/qa_s3.py
{
  "stage": "s3-exposed-proof",
  "checks": {
    "observationChangesEligibilityWithoutPoints": true,
    "cameraRaiseAndTwoSecondCommitment": true,
    "pauseFreezesCommitment": true,
    "coveredPartialPlate": true,
    "openPlateEscalatesThreat": true,
    "highestValuePlateCracksOnRecoverableContact": true,
    "timelyShotInterruptsAttack": true,
    "persistentGunshotFlag": true,
    "noThreatMeter": true,
    "consoleErrors": [],
    "requestHosts": [
      "",
      "127.0.0.1:4173"
    ],
    "externalHosts": []
  },
  "performance": {
    "samples": 240,
    "medianFrameMs": 16.7,
    "medianFps": 59.9,
    "onePercentLowFps": 39.6,
    "worstFrameMs": 25.5
  },
  "source": {
    "scope": "index.html, package manifests, public assets and src",
    "sha256": "a22e12e210d86d1c8e256eac70bf303825deb603824a0acef997d1ca06d25d22"
  }
}
S3 PASS: build/evidence/s3/report.json
exitCode=0
durationMs=18143
suite=browser:checkpoint-history
cwd=examples/project-plateau/build/app
command=python3 test/qa_s4.py
{
  "stage": "s4-complete-loop",
  "checks": {
    "sameRunObserveProofCoveredReturnStrongResult": true,
    "fourPhysicalPlatesResolved": true,
    "coveredReturnCostAppliedOnce": true,
    "resultRestartReturnsCleanFieldOrder": true,
    "timeoutFailureCauseAndCue": true,
    "timeoutRestartReturnsCleanFieldOrder": true,
    "firstContactRecoverable": true,
    "secondContactCauseAndCue": true,
    "failureRestartReturnsCleanFieldOrder": true,
    "noThreatMeter": true,
    "consoleErrors": [],
    "requestHosts": [
      "",
      "127.0.0.1:4173"
    ],
    "externalHosts": []
  },
  "performance": {
    "samples": 240,
    "medianFrameMs": 16.7,
    "medianFps": 59.9,
    "onePercentLowFps": 39.3,
    "worstFrameMs": 25.6
  },
  "source": {
    "scope": "index.html, package manifests, public assets and src",
    "sha256": "a22e12e210d86d1c8e256eac70bf303825deb603824a0acef997d1ca06d25d22"
  }
}
S4 PASS: build/evidence/s4/report.json
exitCode=0
durationMs=41113
suite=browser:checkpoint-history
cwd=examples/project-plateau/build/app
command=python3 test/qa_s5.py
{
  "stage": "s5-route-outcomes",
  "checks": {
    "allFourAliveBands": true,
    "strongNoShotCoveredReturn": true,
    "mixedShotCallbackCorroboratingReturn": true,
    "panicExplicitFailure": true,
    "exposedAttackCracksBestPlateNotBody": true,
    "coveredExposedAndNoisyCosts": {
      "covered": 28,
      "exposed": 12,
      "noisyExposed": 18
    },
    "pauseFreezesCommittedDive": true,
    "minimumViewportTerminal": true,
    "noThreatMeter": true,
    "consoleErrors": [],
    "requestHosts": [
      "",
      "127.0.0.1:4173"
    ],
    "externalHosts": []
  },
  "performance": {
    "samples": 240,
    "medianFrameMs": 16.7,
    "medianFps": 59.9,
    "onePercentLowFps": 39.7,
    "worstFrameMs": 25.2
  },
  "source": {
    "scope": "index.html, package manifests, public assets and src",
    "sha256": "a22e12e210d86d1c8e256eac70bf303825deb603824a0acef997d1ca06d25d22"
  }
}
S5 PASS: build/evidence/s5/report.json
exitCode=0
durationMs=56699
suite=browser:checkpoint-history
cwd=examples/project-plateau/build/app
command=python3 test/qa_s6.py
{
  "stage": "s6-field-feedback",
  "checks": {
    "recognizableBellowsCameraStructure": true,
    "membraneWingThreatStructure": true,
    "coverArchesAndPullUpResponse": true,
    "lazyLocalWebAudioRunning": true,
    "threeChannelVolumeControls": true,
    "captionsToggleAndCoreCueCaptions": true,
    "rifleAndBrookResponseCues": true,
    "distinctResultAndFailureCues": true,
    "runResetClearsCueHistoryAndPreservesSettings": true,
    "requiredFocalAssetFailureBlocksRun": true,
    "noThreatMeter": true,
    "consoleErrors": [],
    "requestHosts": [
      "",
      "127.0.0.1:4173"
    ],
    "externalHosts": []
  },
  "performance": {
    "samples": 240,
    "medianFrameMs": 16.7,
    "medianFps": 59.9,
    "onePercentLowFps": 39.2,
    "worstFrameMs": 25.6
  },
  "source": {
    "scope": "index.html, package manifests, public assets and src",
    "sha256": "a22e12e210d86d1c8e256eac70bf303825deb603824a0acef997d1ca06d25d22"
  }
}
S6 PASS: build/evidence/s6/report.json
exitCode=0
durationMs=18152
suite=browser:checkpoint-history
cwd=examples/project-plateau/build/app
command=python3 test/qa_s7.py
{
  "stage": "s7-lifecycle",
  "checks": {
    "settingsPersistAcrossReload": true,
    "invalidStorageUnitCoverage": true,
    "restoreDefaultsClearsVersionedRecord": true,
    "targetAndMinimumViewportLifecycle": true,
    "textScale150MinimumViewport": true,
    "manualPause": true,
    "focusLossFreezesCommitmentAndSuspendsAudio": true,
    "terminalRestartPreservesSettingsAndResetsRun": true,
    "cleanReloadReturnsToTitle": true,
    "noThreatMeter": true,
    "consoleErrors": [],
    "requestHosts": [
      "",
      "127.0.0.1:4173"
    ],
    "externalHosts": []
  },
  "loading": {
    "firstNoCacheNavigation": {
      "timeToFirstFrameMs": 2937.1,
      "domInteractiveMs": 43.6,
      "loadEventMs": 192.6,
      "resourceCount": 43,
      "ui": {
        "visible": false,
        "phase": "runtime",
        "status": "Opening the plateau\u2026"
      }
    },
    "finalNavigation": {
      "timeToFirstFrameMs": 2929.7,
      "domInteractiveMs": 81,
      "loadEventMs": 216.2,
      "resourceCount": 44,
      "ui": {
        "visible": false,
        "phase": "assets",
        "status": "Preparing field camera, rifle and wildlife\u2026"
      }
    },
    "budgetMs": 8000
  },
  "payload": {
    "files": [
      {
        "path": "assets/BufferGeometryUtils-qQM6QJN6.js",
        "rawBytes": 253244,
        "gzipBytes": 66789
      },
      {
        "path": "assets/GLTFLoader-DB8oIB9H.js",
        "rawBytes": 43285,
        "gzipBytes": 12764
      },
      {
        "path": "assets/expedition-rifle-hands-hy3d-v31-50k-1k.glb",
        "rawBytes": 1000112,
        "gzipBytes": 737112
      },
      {
        "path": "assets/field-camera-hands-hy3d-v31-50k-v4-rear-view-1k.glb",
        "rawBytes": 1108408,
        "gzipBytes": 801534
      },
      {
        "path": "assets/iguanodon-hy3d-v35-stylized.glb",
        "rawBytes": 1089008,
        "gzipBytes": 818165
      },
      {
        "path": "assets/index-Daq1iLjK.js",
        "rawBytes": 6124,
        "gzipBytes": 2612
      },
      {
        "path": "assets/index-NJZTe-wq.css",
        "rawBytes": 18625,
        "gzipBytes": 5585
      },
      {
        "path": "assets/main-BfWn2Mkr.js",
        "rawBytes": 612121,
        "gzipBytes": 185953
      },
      {
        "path": "assets/pterodactyl-hy3d-v35-stylized.glb",
        "rawBytes": 1327456,
        "gzipBytes": 974909
      },
      {
        "path": "favicon.svg",
        "rawBytes": 170,
        "gzipBytes": 158
      },
      {
        "path": "index.html",
        "rawBytes": 9398,
        "gzipBytes": 2980
      },
      {
        "path": "media/project-plateau-preview-15s.mp4",
        "rawBytes": 1319426,
        "gzipBytes": 1314414
      },
      {
        "path": "media/project-plateau-preview-poster.jpg",
        "rawBytes": 48411,
        "gzipBytes": 47947
      },
      {
        "path": "media/project-plateau-preview.json",
        "rawBytes": 7141,
        "gzipBytes": 2269
      }
    ],
    "rawBytes": 6842929,
    "gzipBytes": 4973191,
    "initialCompressedBudgetBytes": 20971520,
    "totalBudgetBytes": 52428800
  },
  "performance": {
    "minimumViewport": {
      "samples": 120,
      "medianFrameMs": 16.7,
      "medianFps": 59.9,
      "onePercentLowFps": 39.5,
      "worstFrameMs": 25.5
    },
    "targetViewport": {
      "samples": 120,
      "medianFrameMs": 16.7,
      "medianFps": 59.9,
      "onePercentLowFps": 39.6,
      "worstFrameMs": 25.3
    }
  },
  "source": {
    "scope": "index.html, package manifests, public assets and src",
    "sha256": "a22e12e210d86d1c8e256eac70bf303825deb603824a0acef997d1ca06d25d22"
  }
}
S7 PASS: build/evidence/s7/report.json
exitCode=0
durationMs=37077
suite=browser:checkpoint-history
cwd=examples/project-plateau/build/app
command=python3 test/qa_s9.py
{
  "stage": "s9-living-plates",
  "checks": {
    "twoAdultsThreeYoung": true,
    "youngPlayAndBranchPullDistinct": true,
    "rendererCanvasFeedsEveryPlate": true,
    "fourCapturedPlatesAreDistinct": true,
    "plateImagesUseNonColourTreatment": true,
    "strongRecoveredBoardUsesCapturedViews": true,
    "restartClearsCapturedViews": true,
    "consoleErrors": [],
    "requestHosts": [
      "",
      "127.0.0.1:4173"
    ],
    "externalHosts": []
  },
  "plateImages": [
    {
      "plate": 1,
      "bytesInCssValue": 109594,
      "sha256": "c6919c2efb98382e79bd6ba0ddbe30a757e7cc606d875c88a65a24e987f2fb80",
      "filter": "grayscale(1) sepia(0.08) contrast(1.24) brightness(0.82)"
    },
    {
      "plate": 2,
      "bytesInCssValue": 98078,
      "sha256": "47c0439cb064116f2e04064f2401af21fc14fc326952c81057c0355ad8bc19ba",
      "filter": "grayscale(1) sepia(0.08) contrast(1.24) brightness(0.82)"
    },
    {
      "plate": 3,
      "bytesInCssValue": 99254,
      "sha256": "fbf82458c06572d01781672bd81ce54fbbd204a90f7df91fc9158a2603c943b5",
      "filter": "grayscale(1) sepia(0.08) contrast(1.24) brightness(0.82)"
    },
    {
      "plate": 4,
      "bytesInCssValue": 102234,
      "sha256": "43a1261c2cc0dc3ba22663189d36c0b28c5970d96df02b5d16ef0837677f1d87",
      "filter": "grayscale(1) sepia(0.08) contrast(1.24) brightness(0.82)"
    }
  ],
  "performance": {
    "samples": 240,
    "medianFrameMs": 16.7,
    "medianFps": 59.9,
    "onePercentLowFps": 39.5,
    "worstFrameMs": 25.4
  },
  "source": {
    "scope": "index.html, package manifests, public assets and src",
    "sha256": "a22e12e210d86d1c8e256eac70bf303825deb603824a0acef997d1ca06d25d22"
  }
}
S9 PASS: build/evidence/s9/report.json
exitCode=0
durationMs=36863
suite=browser:complete-run
cwd=examples/project-plateau/build/app
command=python3 test/qa_s8.py
{
  "stage": "s8-input-paths",
  "checks": {
    "noTeleportOrDirectTimeAdvance": true,
    "strongAllFiveVerbsNoShot": true,
    "strongEvidenceSevenAndBodyMargin": true,
    "strongDistinctBehaviorFrames": true,
    "strongRemainingLightWithinReferenceWindow": true,
    "mixedOneShotNoisyCreekAndCallback": true,
    "mixedCorroboratingEvidenceFour": true,
    "panicBothShotsAllPlatesAndSecondContact": true,
    "cleanRestartAfterEveryReferenceClass": true,
    "achromatopsiaStrongInputRoute": true,
    "achromatopsiaStrongCleanRestart": true,
    "noThreatMeter": true,
    "consoleErrors": [],
    "requestHosts": [
      "",
      "127.0.0.1:4173"
    ],
    "externalHosts": []
  },
  "pathMetrics": {
    "Strong": {
      "wallSeconds": 58.967,
      "simulationSeconds": 59.071,
      "distanceTravelled": 133.729,
      "remainingLight": 92.929,
      "returnCostSeconds": 28,
      "route": "covered",
      "result": {
        "kind": "alive",
        "band": "strong-field-record",
        "title": "Strong field record",
        "copy": "Scale. Living form. Behavior. The field record holds.",
        "evidence": 7,
        "survivingPlates": 4,
        "route": "covered",
        "brookResponse": null,
        "remainingLight": 92.9,
        "gunshotCallback": null
      },
      "visionMode": "full-colour"
    },
    "Mixed": {
      "wallSeconds": 38.672,
      "simulationSeconds": 38.673,
      "distanceTravelled": 131.222,
      "remainingLight": 123.327,
      "returnCostSeconds": 18,
      "route": "exposed",
      "result": {
        "kind": "alive",
        "band": "corroborating-record",
        "title": "Corroborating record",
        "copy": "Living form, more than one angle. The argument can begin again.",
        "evidence": 4,
        "survivingPlates": 3,
        "route": "exposed",
        "brookResponse": "brush-moving",
        "remainingLight": 123.3,
        "gunshotCallback": "The report carried. Something answered by the brook."
      },
      "visionMode": "full-colour"
    },
    "Panic": {
      "wallSeconds": 26.655,
      "simulationSeconds": 26.666,
      "distanceTravelled": 79.685,
      "remainingLight": 135.334,
      "returnCostSeconds": 18,
      "route": "exposed",
      "result": {
        "kind": "failure",
        "cause": "second-unblocked-strike",
        "title": "The second pass",
        "copy": "The second pass found you in open ground.",
        "cue": "Break the dive under the trees, or fire before contact."
      },
      "visionMode": "full-colour"
    },
    "Achromatopsia Strong": {
      "wallSeconds": 58.908,
      "simulationSeconds": 58.908,
      "distanceTravelled": 133.702,
      "remainingLight": 93.093,
      "returnCostSeconds": 28,
      "route": "covered",
      "result": {
        "kind": "alive",
        "band": "strong-field-record",
        "title": "Strong field record",
        "copy": "Scale. Living form. Behavior. The field record holds.",
        "evidence": 7,
        "survivingPlates": 4,
        "route": "covered",
        "brookResponse": null,
        "remainingLight": 93.1,
        "gunshotCallback": null
      },
      "visionMode": "achromatopsia"
    }
  },
  "performance": {
    "samples": 240,
    "medianFrameMs": 16.7,
    "medianFps": 59.9,
    "onePercentLowFps": 39.3,
    "worstFrameMs": 25.5
  },
  "source": {
    "scope": "index.html, package manifests, public assets and src",
    "sha256": "a22e12e210d86d1c8e256eac70bf303825deb603824a0acef997d1ca06d25d22"
  }
}
S8 PASS: build/evidence/s8/report.json
exitCode=0
durationMs=192359
suite=browser:controller-contract
cwd=examples/project-plateau/build/app
command=python3 test/qa_controller.py
{
  "status": "PASS",
  "pointerLockMode": "deterministic-browser-shim",
  "nativePointerLock": "NOT_RUN: headed Chrome did not grant pointer lock in the automated desktop session",
  "checks": [
    "pre-run held-key isolation",
    "pointer-lock acquisition boundary",
    "mouse delta to camera orientation",
    "camera-relative W projection",
    "spacebar ballistic jump and grounded landing",
    "camera raise preserves pterodactyl position, scale and flight state",
    "player movement preserves world-space pterodactyl and planted family transforms",
    "compact desktop captions preserve the plate-rail safe area",
    "focus-loss transient tool reset",
    "non-blocking shutter capture",
    "pointer-lock loss pause",
    "pointer-lock denial failure UI"
  ],
  "evidence": [
    "build/evidence/controller/controller-contract.jpg"
  ]
}
exitCode=0
durationMs=8134
suite=browser:motion-visual
cwd=examples/project-plateau/build/app
command=python3 test/qa_motion.py
{
  "status": "PASS",
  "pointerLockMode": "deterministic-browser-shim",
  "staticNormalizedDiffs": [
    0.0,
    0.0
  ],
  "motionNormalizedDiffs": [
    0.012704,
    0.014156,
    0.012925,
    0.014082,
    0.014769,
    0.018574,
    0.014995
  ],
  "webglRenderer": {
    "vendor": "Google Inc. (Apple)",
    "renderer": "ANGLE (Apple, ANGLE Metal Renderer: Apple M1 Pro, Unspecified Version)",
    "software": false
  },
  "framePacing": {
    "samples": 120,
    "medianFrameMs": 16.7,
    "medianFps": 59.9,
    "onePercentLowFps": 39.4,
    "worstFrameMs": 25.6
  },
  "performanceGate": {
    "status": "PASS"
  },
  "finalHeading": -0.332,
  "finalPosition": {
    "x": 7.874,
    "z": 55.454
  },
  "evidence": [
    "build/evidence/motion/motion-contact-sheet.jpg"
  ]
}
exitCode=0
durationMs=9765
suite=browser:collision-contract
cwd=examples/project-plateau/build/app
command=python3 test/qa_collision.py
{
  "suite": "browser:collision-contract",
  "status": "pass",
  "checkpoints": [
    {
      "id": "01-visible-brook-boulder",
      "expectedCollision": "brook-boulder",
      "visual": "evidence/collision/01-visible-brook-boulder.jpg",
      "visualSha256": "8c5948457ac6ca75e35f556dae241279a5b08b9d87a2d2229916b077f08aa432",
      "state": "evidence/collision/state/01-visible-brook-boulder.json",
      "stateSha256": "74d197ab51f6b668327cf5f938e722a32d925b86b9f00212e0a7c0ca216cb2c1",
      "browser": "evidence/collision/browser/01-visible-brook-boulder.json",
      "browserSha256": "d2c659938dc5265696272fd695fb2864ecdfd603885f42dd1cf9fea614aba763",
      "finalPosition": {
        "x": -7.5,
        "z": 37.45
      },
      "groundY": -1.337
    },
    {
      "id": "02-rotated-fort-tent",
      "expectedCollision": "fort-tent-west",
      "visual": "evidence/collision/02-rotated-fort-tent.jpg",
      "visualSha256": "b5c4224718c04523e4b6dad65d7aac22ffce6d991e0f667ad2fe3ee6cc69c608",
      "state": "evidence/collision/state/02-rotated-fort-tent.json",
      "stateSha256": "bcad056b87106bbdff2ec2e0e7568c49a1885cf258aed2f8114dbb3c845304b9",
      "browser": "evidence/collision/browser/02-rotated-fort-tent.json",
      "browserSha256": "fb6531a301c3a274179f1413dc32cd9c852f851b90af7a2a6862465aee94faad",
      "finalPosition": {
        "x": -5.687,
        "z": 77.313
      },
      "groundY": 0.548
    },
    {
      "id": "03-cover-arch-trunk",
      "expectedCollision": "cover-arch-1-right-trunk",
      "visual": "evidence/collision/03-cover-arch-trunk.jpg",
      "visualSha256": "86b5b61d6ad6ae1f3ef2c112c464ccd417acebc6aaf83e36631234fb7493a651",
      "state": "evidence/collision/state/03-cover-arch-trunk.json",
      "stateSha256": "2d15253ec4376f17d8ac344f9f5bb9b36ae81310ec9dd95a298165fdd47ff873",
      "browser": "evidence/collision/browser/03-cover-arch-trunk.json",
      "browserSha256": "fbb68c1072f826ae3de07103b8b017492acec9518f6157bc76983814e04d3d39",
      "finalPosition": {
        "x": -4.82,
        "z": 28
      },
      "groundY": -1.858
    },
    {
      "id": "04-living-subject-space",
      "expectedCollision": "iguanodon-adult-graze",
      "visual": "evidence/collision/04-living-subject-space.jpg",
      "visualSha256": "68a595c5aa6bf164ff08ece6365e224ccba6770ec07b1ec0014667636818289e",
      "state": "evidence/collision/state/04-living-subject-space.json",
      "stateSha256": "73c829cfb62f0c06d6222f5e2805126300bb4d27de9421ba200566f8d37a385d",
      "browser": "evidence/collision/browser/04-living-subject-space.json",
      "browserSha256": "eef70e8023551a1958293308073a9de96a4bc26be51760678ffcb53c80bb15b2",
      "finalPosition": {
        "x": -8.516,
        "z": -29.215
      },
      "groundY": -0.789
    }
  ],
  "consoleErrors": [],
  "requestHosts": [
    "",
    "127.0.0.1:4173"
  ],
  "limitations": [
    "Movement uses a vertical capsule on the shared terrain heightfield with fixed-step ballistic jumping and height-aware solid overlap.",
    "Low decorative objects remain intentionally traversable and are listed in the runtime collision policy."
  ]
}
exitCode=0
durationMs=7587
suite=browser:entry-conversion
cwd=examples/project-plateau/build/app
command=python3 test/qa_entry.py
{
  "suite": "browser:entry-conversion",
  "status": "PASS",
  "sourceFingerprint": "a22e12e210d86d1c8e256eac70bf303825deb603824a0acef997d1ca06d25d22",
  "checks": {
    "desktopWebGL2LoadsInteractiveBuild": true,
    "desktopDoesNotRequestPreviewMedia": true,
    "mobileLoadsLocal15SecondPreview": true,
    "mobileDoesNotLoadThreeRuntime": true,
    "inAppBrowserLoadsPreview": true,
    "missingWebGL2LoadsPreview": true,
    "twoMobileDemoLinksVisible": true,
    "caseStudyLinkVisible": true,
    "consoleErrors": [],
    "externalHosts": []
  },
  "records": {
    "desktop": {
      "entry": {
        "ready": true,
        "mode": "interactive",
        "reason": "desktop-webgl2"
      },
      "previewRequested": false
    },
    "mobile": {
      "entry": {
        "ready": true,
        "mode": "preview",
        "reason": "mobile-controls-unavailable",
        "video": "/media/project-plateau-preview-15s.mp4"
      },
      "media": {
        "paused": false,
        "muted": true,
        "readyState": 4,
        "duration": 15
      },
      "screenshot": "01-mobile-preview.jpg",
      "interactiveRuntimeRequested": false
    },
    "inAppBrowser": {
      "entry": {
        "ready": true,
        "mode": "preview",
        "reason": "in-app-browser",
        "video": "/media/project-plateau-preview-15s.mp4"
      },
      "media": {
        "paused": false,
        "muted": true,
        "readyState": 4,
        "duration": 15
      },
      "screenshot": "02-in-app-browser-preview.jpg"
    },
    "withoutWebGL2": {
      "entry": {
        "ready": true,
        "mode": "preview",
        "reason": "webgl2-unavailable",
        "video": "/media/project-plateau-preview-15s.mp4"
      },
      "media": {
        "paused": false,
        "muted": true,
        "readyState": 4,
        "duration": 15
      },
      "screenshot": "03-without-webgl2-preview.jpg"
    }
  }
}
exitCode=0
durationMs=5519
suite=browser:loading-state
cwd=examples/project-plateau/build/app
command=python3 test/qa_loading.py
{
  "suite": "browser:loading-state",
  "status": "PASS",
  "sourceFingerprint": "a22e12e210d86d1c8e256eac70bf303825deb603824a0acef997d1ca06d25d22",
  "checks": {
    "bootLoaderClearsAfterFirstFrame": true,
    "requiredAssetLoaderVisible": true,
    "loadingStatusNamesRequiredAssets": true,
    "fieldOrderRemainsHiddenUntilReady": true,
    "loaderClearsAfterSuccess": true,
    "consoleErrors": []
  },
  "evidence": [
    "01-required-assets-loading.jpg",
    "02-field-order-ready.jpg"
  ]
}
exitCode=0
durationMs=3777
suite=browser:current-visual
cwd=examples/project-plateau/build/app
command=python3 test/qa_s10.py
{
  "stage": "s10-glade-clarity",
  "checks": {
    "protectedGladeSightline": true,
    "familyAndBasaltShareSunLane": true,
    "allFiveSubjectsCastShadows": true,
    "observationNoteClearsBeforeHeroFrame": true,
    "cameraPromptClearsProtectedFrame": true,
    "focusRegionPixelFloor": true,
    "youngPlayAndBranchPullRemainDistinct": true,
    "achromatopsiaAttackRetainsShapeAndToolState": true,
    "colourVisionCheckpointMatrixComplete": true,
    "strongBoardUsesFourCapturedViews": true,
    "restartClearsCapturedViews": true,
    "consoleErrors": [],
    "requestHosts": [
      "",
      "127.0.0.1:4173"
    ],
    "externalHosts": []
  },
  "focusRegion": {
    "width": 777,
    "height": 504,
    "darkRatio": 0.014,
    "brightRatio": 0.6713,
    "chromaticRatio": 0.807
  },
  "performance": {
    "samples": 240,
    "medianFrameMs": 16.7,
    "medianFps": 59.9,
    "onePercentLowFps": 38.5,
    "worstFrameMs": 26
  },
  "source": {
    "scope": "index.html, package manifests, public assets and src",
    "sha256": "a22e12e210d86d1c8e256eac70bf303825deb603824a0acef997d1ca06d25d22"
  }
}
S10 PASS: build/evidence/s10/report.json
exitCode=0
durationMs=38146
suite=browser:current-visual
cwd=examples/project-plateau/build/app
command=python3 test/qa_visual_targets.py
{
  "sourceSha256": "a22e12e210d86d1c8e256eac70bf303825deb603824a0acef997d1ca06d25d22",
  "manifestSha256": "fe491b7e3514a1b00ebb3b2937fbbfb2f63a083444171d1568fb86818f6eb2b8",
  "captureCount": 18,
  "targetPerformance": {
    "samples": 240,
    "medianFrameMs": 16.7,
    "medianFps": 59.9,
    "onePercentLowFps": 39.4,
    "worstFrameMs": 25.4
  },
  "minimumPerformance": {
    "samples": 240,
    "medianFrameMs": 16.7,
    "medianFps": 59.9,
    "onePercentLowFps": 39.6,
    "worstFrameMs": 25.3
  },
  "evidence": "/Users/pite/makemoney/novel-to-game/examples/project-plateau/build/evidence/visual-targets"
}
VISUAL TARGETS PASS: /Users/pite/makemoney/novel-to-game/examples/project-plateau/build/evidence/visual-targets/manifest.json
exitCode=0
durationMs=41922
suite=browser:current-visual
cwd=examples/project-plateau/build/app
command=python3 test/capture_visual_upgrade.py
{
  "schemaVersion": 2,
  "command": "npm run capture:visual",
  "sourceFingerprint": "a22e12e210d86d1c8e256eac70bf303825deb603824a0acef997d1ca06d25d22",
  "scene": "glade-family-under-aerial-pressure",
  "seed": 139,
  "frozenAnimationSeconds": 4.25,
  "captures": [
    {
      "id": "title-1440x900",
      "path": "build/evidence/visual-upgrade/generated/title-1440x900.jpg",
      "viewport": [
        1440,
        900
      ],
      "sha256": "1e0f5c09ae14456800ce9b9731194c1c2e5fa73371f7d25b29315a39e614e88b",
      "bytes": 91603,
      "frozenAnimationSeconds": 4.25,
      "familyMoment": null,
      "threatState": "distant"
    },
    {
      "id": "family-1440x900",
      "path": "build/evidence/visual-upgrade/generated/family-1440x900.jpg",
      "viewport": [
        1440,
        900
      ],
      "sha256": "ba36f7eeea2bf8cabcf08fd501a1fd74a9afa8e507203966e66e5878714db405",
      "bytes": 108928,
      "frozenAnimationSeconds": 4.25,
      "familyMoment": "glade-young-play",
      "threatState": "search"
    },
    {
      "id": "dive-1440x900",
      "path": "build/evidence/visual-upgrade/generated/dive-1440x900.jpg",
      "viewport": [
        1440,
        900
      ],
      "sha256": "d0b5b174da371d8ca3fb60a6de6eb0908c46aed0a5ce02569b994724d7639c70",
      "bytes": 108436,
      "frozenAnimationSeconds": 4.25,
      "familyMoment": "glade-young-play",
      "threatState": "attack"
    },
    {
      "id": "title-1280x720",
      "path": "build/evidence/visual-upgrade/generated/title-1280x720.jpg",
      "viewport": [
        1280,
        720
      ],
      "sha256": "bc0f1ad7c78d45875ca3c23c5d454680c90aae742edf044dd48042d4a58c8d9a",
      "bytes": 72393,
      "frozenAnimationSeconds": 4.25,
      "familyMoment": null,
      "threatState": "distant"
    },
    {
      "id": "family-1280x720",
      "path": "build/evidence/visual-upgrade/generated/family-1280x720.jpg",
      "viewport": [
        1280,
        720
      ],
      "sha256": "aa5aeb4c99751fa25f012039921e3eb38f041a2bf7a24792ce27fe1df627372b",
      "bytes": 84534,
      "frozenAnimationSeconds": 4.25,
      "familyMoment": "glade-young-play",
      "threatState": "search"
    },
    {
      "id": "dive-1280x720",
      "path": "build/evidence/visual-upgrade/generated/dive-1280x720.jpg",
      "viewport": [
        1280,
        720
      ],
      "sha256": "cb0baaa7ba8c19722f1adb13dcc422acbedfce12132ff0be49a23cafceff3f29",
      "bytes": 84150,
      "frozenAnimationSeconds": 4.25,
      "familyMoment": "glade-young-play",
      "threatState": "attack"
    }
  ],
  "contactSheet": {
    "path": "build/evidence/visual-upgrade/generated/contact-sheet-supported-viewports.jpg",
    "sha256": "087a963719725564f039a910428334c7cceacf92fdf19bd06f747659e1b1f9a8",
    "bytes": 127928
  },
  "targets": [
    {
      "id": "title-route",
      "path": "design/visual-targets/01-title-route.svg",
      "sha256": "7a282e7165599ac6020a7abb015b1610e3593b17942989ddb326bbc3cf8cb274",
      "bytes": 993
    },
    {
      "id": "glade-family",
      "path": "design/visual-targets/02-glade-family.svg",
      "sha256": "9d6af8aec91d2874092dda11ea9c109a6552442c7cf26c54a18dccc4f77f9e0a",
      "bytes": 1151
    },
    {
      "id": "aerial-pressure",
      "path": "design/visual-targets/03-aerial-pressure.svg",
      "sha256": "15f57266802978a17751aa0b13f9174188af4fad27278d42d2adc2a17552da6a",
      "bytes": 903
    }
  ],
  "motionCadence": {
    "claim": "continuous real-browser watch to attack cycle plus deterministic phase samples",
    "captureMode": "one continuous real-time Playwright gameplay take after browser preroll removal; QA-clock JPEG samples are phase labels, not gameplay timing",
    "authoredCycleSeconds": 4.4,
    "trimmedBrowserPrerollMs": 1193,
    "transitions": [
      {
        "phase": "watch",
        "atMs": 0,
        "threatState": "watch",
        "rendererResponse": "orbit"
      },
      {
        "phase": "bank-dive-pull-up-cycle",
        "atMs": 904,
        "threatState": "attack",
        "rendererResponse": "orbit"
      },
      {
        "phase": "cycle-complete",
        "atMs": 5805,
        "threatState": "attack",
        "rendererResponse": "orbit"
      }
    ],
    "video": {
      "path": "build/evidence/visual-upgrade/generated/motion/watch-bank-dive-pull-up.webm",
      "sha256": "1a90c1c21005ca63e0f885abaf865ccc99f2ca171a349f0274d4f492bfa1cb7b",
      "bytes": 375037
    },
    "samples": [
      {
        "phase": "watch",
        "rendererSeconds": 0.0,
        "threatState": "watch",
        "rendererResponse": "orbit",
        "path": "build/evidence/visual-upgrade/generated/motion/watch.jpg",
        "sha256": "64cee60e618a69c4bb5dcbd2cce85efa967524cc5ca25b1063a85c742b53aa94",
        "bytes": 75296
      },
      {
        "phase": "bank",
        "rendererSeconds": 0.72,
        "threatState": "attack",
        "rendererResponse": "orbit",
        "path": "build/evidence/visual-upgrade/generated/motion/bank.jpg",
        "sha256": "db89d446c3ae7dff59929f7f94632cba17f279d08f1de8ab1c5d978e1a007f5a",
        "bytes": 75552
      },
      {
        "phase": "dive",
        "rendererSeconds": 1.35,
        "threatState": "attack",
        "rendererResponse": "orbit",
        "path": "build/evidence/visual-upgrade/generated/motion/dive.jpg",
        "sha256": "9bfe0f44801bb4a88739e128e3c597d7bd177e8582817efc5f3f17b7344e205f",
        "bytes": 76056
      },
      {
        "phase": "pull-up",
        "rendererSeconds": 2.85,
        "threatState": "attack",
        "rendererResponse": "orbit",
        "path": "build/evidence/visual-upgrade/generated/motion/pull-up.jpg",
        "sha256": "050ef0ddc06059950ee40f75d9322e7df239bc79751cc4f8f4707b103f93467e",
        "bytes": 77601
      }
    ],
    "consoleErrors": []
  },
  "consoleErrors": []
}
exitCode=0
durationMs=170
suite=qa:design-invariants
cwd=examples/project-plateau
command=python3 qa/check_design_invariants.py
design invariants: PASS (10/10)
exitCode=0
durationMs=36
suite=repo:contract
cwd=.
command=python3 scripts/validate_repo.py --verification-candidate examples/project-plateau/qa/.verification-candidate.json
Validation passed: 7 skills checked.
exitCode=0
durationMs=2553
suite=repo:contract
cwd=.
command=python3 -m unittest discover -s tests -v
test_asset_ledgers_reference_existing_evidence (test_validate_repo.RepositoryValidationTests.test_asset_ledgers_reference_existing_evidence) ... ok
test_authoritative_verification_log_is_content_bound (test_validate_repo.RepositoryValidationTests.test_authoritative_verification_log_is_content_bound) ... ok
test_build_brief_release_states_must_match_manifest (test_validate_repo.RepositoryValidationTests.test_build_brief_release_states_must_match_manifest) ... ok
test_chinese_readme_avoids_stock_contrast_and_awkward_example_copy (test_validate_repo.RepositoryValidationTests.test_chinese_readme_avoids_stock_contrast_and_awkward_example_copy) ... ok
test_community_contribution_surface_is_complete (test_validate_repo.RepositoryValidationTests.test_community_contribution_surface_is_complete) ... ok
test_current_public_host_pass_requires_release_fingerprint (test_validate_repo.RepositoryValidationTests.test_current_public_host_pass_requires_release_fingerprint) ... ok
test_degradable_asset_requires_structured_fallback_proof (test_validate_repo.RepositoryValidationTests.test_degradable_asset_requires_structured_fallback_proof) ... ok
test_demonstrated_tier_cannot_claim_playable_proof_under_graybox_publication (test_validate_repo.RepositoryValidationTests.test_demonstrated_tier_cannot_claim_playable_proof_under_graybox_publication) ... ok
test_downstream_skills_restate_the_output_language_rule (test_validate_repo.RepositoryValidationTests.test_downstream_skills_restate_the_output_language_rule) ... ok
test_every_publication_tier_requires_graybox_ready_proof (test_validate_repo.RepositoryValidationTests.test_every_publication_tier_requires_graybox_ready_proof) ... ok
test_every_skill_description_leads_with_english (test_validate_repo.RepositoryValidationTests.test_every_skill_description_leads_with_english) ... ok
test_example_source_and_citations_are_structurally_valid (test_validate_repo.RepositoryValidationTests.test_example_source_and_citations_are_structurally_valid) ... ok
test_example_source_bible_accounts_for_every_source_chapter (test_validate_repo.RepositoryValidationTests.test_example_source_bible_accounts_for_every_source_chapter) ... ok
test_examples_use_compact_planning_artifacts (test_validate_repo.RepositoryValidationTests.test_examples_use_compact_planning_artifacts) ... ok
test_fish_audio_trials_are_sparse_and_never_release_assets_by_default (test_validate_repo.RepositoryValidationTests.test_fish_audio_trials_are_sparse_and_never_release_assets_by_default) ... ok
test_graybox_and_playable_prototype_may_record_open_visual_work (test_validate_repo.RepositoryValidationTests.test_graybox_and_playable_prototype_may_record_open_visual_work) ... ok
test_hidden_verification_candidate_does_not_replace_authoritative_record (test_validate_repo.RepositoryValidationTests.test_hidden_verification_candidate_does_not_replace_authoritative_record) ... ok
test_manifest_validator_rejects_a_bad_manifest (test_validate_repo.RepositoryValidationTests.test_manifest_validator_rejects_a_bad_manifest) ... ok
test_minimal_evidence_contract_rejects_each_missing_marker (test_validate_repo.RepositoryValidationTests.test_minimal_evidence_contract_rejects_each_missing_marker) ... ok
test_minimal_evidence_fixture_reports_an_orphaned_suite (test_validate_repo.RepositoryValidationTests.test_minimal_evidence_fixture_reports_an_orphaned_suite) ... ok
test_minimal_evidence_fixture_runs_one_complete_verification (test_validate_repo.RepositoryValidationTests.test_minimal_evidence_fixture_runs_one_complete_verification) ... ok
test_native_plugins_expose_one_shared_skill_bundle (test_validate_repo.RepositoryValidationTests.test_native_plugins_expose_one_shared_skill_bundle) ... ok
test_non_graybox_recomputes_current_workspace_app_fingerprint (test_validate_repo.RepositoryValidationTests.test_non_graybox_recomputes_current_workspace_app_fingerprint) ... ok
test_non_graybox_requires_recursive_source_input_manifest (test_validate_repo.RepositoryValidationTests.test_non_graybox_requires_recursive_source_input_manifest) ... ok
test_non_graybox_requires_structured_successful_verification (test_validate_repo.RepositoryValidationTests.test_non_graybox_requires_structured_successful_verification) ... ok
test_non_graybox_visual_manifest_requires_non_empty_resources (test_validate_repo.RepositoryValidationTests.test_non_graybox_visual_manifest_requires_non_empty_resources) ... ok
test_numeral_parsing_covers_every_declared_kind (test_validate_repo.RepositoryValidationTests.test_numeral_parsing_covers_every_declared_kind) ... ok
test_playable_allows_failed_degradable_asset_with_valid_fallback (test_validate_repo.RepositoryValidationTests.test_playable_allows_failed_degradable_asset_with_valid_fallback) ... ok
test_playable_prototype_rejects_open_major (test_validate_repo.RepositoryValidationTests.test_playable_prototype_rejects_open_major) ... ok
test_playable_prototype_rejects_unclassified_release_gate_asset (test_validate_repo.RepositoryValidationTests.test_playable_prototype_rejects_unclassified_release_gate_asset) ... ok
test_playable_prototype_requires_every_pipeline_gate (test_validate_repo.RepositoryValidationTests.test_playable_prototype_requires_every_pipeline_gate) ... ok
test_playable_prototype_requires_focal_release_asset_proof (test_validate_repo.RepositoryValidationTests.test_playable_prototype_requires_focal_release_asset_proof) ... ok
test_playable_prototype_requires_review_identity_independence_and_evidence (test_validate_repo.RepositoryValidationTests.test_playable_prototype_requires_review_identity_independence_and_evidence) ... ok
test_playable_prototype_requires_review_to_be_required_and_passed (test_validate_repo.RepositoryValidationTests.test_playable_prototype_requires_review_to_be_required_and_passed) ... ok
test_playable_prototype_requires_visual_frame_evidence (test_validate_repo.RepositoryValidationTests.test_playable_prototype_requires_visual_frame_evidence) ... ok
test_playable_prototype_requires_visual_promotion_proof (test_validate_repo.RepositoryValidationTests.test_playable_prototype_requires_visual_promotion_proof) ... ok
test_playable_publication_rejects_release_fingerprint_mismatch (test_validate_repo.RepositoryValidationTests.test_playable_publication_rejects_release_fingerprint_mismatch) ... ok
test_playable_publication_rejects_stale_commit_with_current_fingerprint (test_validate_repo.RepositoryValidationTests.test_playable_publication_rejects_stale_commit_with_current_fingerprint) ... ok
test_playable_visual_manifest_requires_embedded_source_fingerprint (test_validate_repo.RepositoryValidationTests.test_playable_visual_manifest_requires_embedded_source_fingerprint) ... ok
test_plugin_manifest_descriptions_lead_with_english (test_validate_repo.RepositoryValidationTests.test_plugin_manifest_descriptions_lead_with_english) ... ok
test_progress_gate_parser_rejects_conflicting_anchored_statuses (test_validate_repo.RepositoryValidationTests.test_progress_gate_parser_rejects_conflicting_anchored_statuses) ... ok
test_public_product_copy_does_not_limit_the_pipeline_to_web_games (test_validate_repo.RepositoryValidationTests.test_public_product_copy_does_not_limit_the_pipeline_to_web_games) ... ok
test_publication_tiers_must_follow_target_and_demonstrated_order (test_validate_repo.RepositoryValidationTests.test_publication_tiers_must_follow_target_and_demonstrated_order) ... ok
test_qa_report_inherits_target_finish_without_conflicts (test_validate_repo.RepositoryValidationTests.test_qa_report_inherits_target_finish_without_conflicts) ... ok
test_readme_defaults_to_english_with_a_chinese_counterpart (test_validate_repo.RepositoryValidationTests.test_readme_defaults_to_english_with_a_chinese_counterpart) ... ok
test_readme_example_link_order_must_match_between_languages (test_validate_repo.RepositoryValidationTests.test_readme_example_link_order_must_match_between_languages) ... ok
test_readme_featured_claim_must_point_to_showcase (test_validate_repo.RepositoryValidationTests.test_readme_featured_claim_must_point_to_showcase) ... ok
test_readme_public_listing_must_use_manifest_tier_label (test_validate_repo.RepositoryValidationTests.test_readme_public_listing_must_use_manifest_tier_label) ... ok
test_release_evidence_cannot_escape_example_workspace (test_validate_repo.RepositoryValidationTests.test_release_evidence_cannot_escape_example_workspace) ... ok
test_release_gate_ledger_requires_status_remaining_and_existing_evidence (test_validate_repo.RepositoryValidationTests.test_release_gate_ledger_requires_status_remaining_and_existing_evidence) ... ok
test_repo_local_discovery_resolves_the_same_skill_set (test_validate_repo.RepositoryValidationTests.test_repo_local_discovery_resolves_the_same_skill_set) ... ok
test_repository_contract_is_valid (test_validate_repo.RepositoryValidationTests.test_repository_contract_is_valid) ... ok
test_repository_json_scan_skips_generated_dependency_trees (test_validate_repo.RepositoryValidationTests.test_repository_json_scan_skips_generated_dependency_trees) ... ok
test_review_scenario_generator_attests_rights_and_records_requests (test_validate_repo.RepositoryValidationTests.test_review_scenario_generator_attests_rights_and_records_requests) ... ok
test_runtime_markdown_headings_match_the_declared_language (test_validate_repo.RepositoryValidationTests.test_runtime_markdown_headings_match_the_declared_language)
技能与 references 恒为简体中文；示例按自己 manifest 声明的语言判。 ... ok
test_runtime_pipeline_follows_the_selected_target_platform (test_validate_repo.RepositoryValidationTests.test_runtime_pipeline_follows_the_selected_target_platform) ... ok
test_showcase_publication_rejects_not_run_required_visual_review (test_validate_repo.RepositoryValidationTests.test_showcase_publication_rejects_not_run_required_visual_review) ... ok
test_showcase_publication_requires_matching_release_manifest_tier (test_validate_repo.RepositoryValidationTests.test_showcase_publication_requires_matching_release_manifest_tier) ... ok
test_showcase_publication_requires_progress_gates (test_validate_repo.RepositoryValidationTests.test_showcase_publication_requires_progress_gates) ... ok
test_showcase_publication_requires_release_gate_assets_to_pass (test_validate_repo.RepositoryValidationTests.test_showcase_publication_requires_release_gate_assets_to_pass) ... ok
test_skill_validator_rejects_chinese_first_description (test_validate_repo.RepositoryValidationTests.test_skill_validator_rejects_chinese_first_description) ... ok
test_skill_validator_rejects_cross_skill_link (test_validate_repo.RepositoryValidationTests.test_skill_validator_rejects_cross_skill_link) ... ok
test_skill_validator_rejects_missing_output_language_rule (test_validate_repo.RepositoryValidationTests.test_skill_validator_rejects_missing_output_language_rule) ... ok
test_skill_validator_rejects_todo_and_broken_link (test_validate_repo.RepositoryValidationTests.test_skill_validator_rejects_todo_and_broken_link) ... ok
test_target_finish_must_be_inherited_without_conflicts (test_validate_repo.RepositoryValidationTests.test_target_finish_must_be_inherited_without_conflicts) ... ok
test_tts_contract_stays_provider_neutral_and_minimizes_source_disclosure (test_validate_repo.RepositoryValidationTests.test_tts_contract_stays_provider_neutral_and_minimizes_source_disclosure) ... ok
test_verification_source_commit_must_bind_its_app_bytes (test_validate_repo.RepositoryValidationTests.test_verification_source_commit_must_bind_its_app_bytes) ... ok
test_visible_directories_skips_agent_state_dirs (test_validate_repo.RepositoryValidationTests.test_visible_directories_skips_agent_state_dirs) ... ok
test_visual_frame_requires_operation_path_and_complete_rubric (test_validate_repo.RepositoryValidationTests.test_visual_frame_requires_operation_path_and_complete_rubric) ... ok
test_visual_frames_must_bind_verified_runtime_resources_and_target_ids (test_validate_repo.RepositoryValidationTests.test_visual_frames_must_bind_verified_runtime_resources_and_target_ids) ... ok
test_visual_manifest_binds_ordered_motion_cadence (test_validate_repo.RepositoryValidationTests.test_visual_manifest_binds_ordered_motion_cadence) ... ok
test_visual_manifest_recursively_binds_referenced_files (test_validate_repo.RepositoryValidationTests.test_visual_manifest_recursively_binds_referenced_files) ... ok
test_visual_review_must_bind_current_source_and_verified_manifest (test_validate_repo.RepositoryValidationTests.test_visual_review_must_bind_current_source_and_verified_manifest) ... ok
test_visual_targets_inherits_target_finish_when_present (test_validate_repo.RepositoryValidationTests.test_visual_targets_inherits_target_finish_when_present) ... ok
test_voiceover_release_is_hash_bound_and_fail_closed (test_validate_repo.RepositoryValidationTests.test_voiceover_release_is_hash_bound_and_fail_closed) ... ok
test_web_verification_registry_must_match_actual_test_files (test_validate_repo.RepositoryValidationTests.test_web_verification_registry_must_match_actual_test_files) ... ok

----------------------------------------------------------------------
Ran 76 tests in 10.141s

OK
exitCode=0
durationMs=10215
authoritativeExitCode=0
authoritativeDurationMs=650465
