
> project-plateau-proof-before-dark@0.1.0 verify:s4
> npm test && npm run build && npm run test:s4


> project-plateau-proof-before-dark@0.1.0 test
> node --test test/*.test.js

✔ foundation exposes the locked viewport and performance budgets (1.473667ms)
✔ procedural placement is deterministic for a recorded seed (0.109792ms)
✔ representative scene contains all declared subject and pressure groups (0.083792ms)
✔ frame percentile is stable and keeps the slow tail visible (0.085125ms)
✔ runtime sources contain no remote asset or CDN request (6.451625ms)
✔ fresh and restarted player states are clean copies (1.653417ms)
✔ walking, sprinting and crouching have ordered deterministic speeds (0.511292ms)
✔ pause freezes both world time and movement (0.096875ms)
✔ a solid obstacle blocks penetration and permits axis sliding (0.157292ms)
✔ leaving the navigable world recovers the last stable position (0.571125ms)
✔ zone topology distinguishes the observation fork and both return routes (0.076833ms)
✔ territory, glade, open proof and cover produce four readable threat states (0.379875ms)
✔ examining the brook makes context eligible without awarding evidence (0.117041ms)
✔ camera raise slows movement and shutter commits one physical plate for two live seconds (0.140708ms)
✔ open proof adds two awareness states and contact cracks the best intact plate (0.22025ms)
✔ a later contact without body margin fails while the first contact remains recoverable (0.075916ms)
✔ a timely raised-rifle shot spends one cartridge and interrupts attack (0.132542ms)
✔ pause freezes a raised camera and live shutter commitment without spending a plate (0.078333ms)
✔ restart clears observation, proof, damage and action history (0.069291ms)
✔ intact evidence and all four result thresholds are deterministic (0.108542ms)
✔ covered return commits its deterministic cost once and submits intact proof at Fort (0.164959ms)
✔ an attack-state exposed return cracks the best plate without spending body margin (0.094333ms)
✔ a fired-shot exposed return costs eighteen seconds and preserves its best plate (0.061042ms)
✔ remaining light expires outside Fort with exact cause and actionable cue (0.074125ms)
ℹ tests 24
ℹ suites 0
ℹ pass 24
ℹ fail 0
ℹ cancelled 0
ℹ skipped 0
ℹ todo 0
ℹ duration_ms 108.03875

> project-plateau-proof-before-dark@0.1.0 build
> vite build

vite v8.2.0 building client environment for production...
[2Ktransforming...✓ 10 modules transformed.
rendering chunks...
computing gzip size...
dist/index.html                   6.21 kB │ gzip:   1.96 kB
dist/assets/index-BZeRiUHU.css   11.53 kB │ gzip:   3.71 kB
dist/assets/index-DANXxm8A.js   564.45 kB │ gzip: 145.11 kB

✓ built in 184ms
[plugin builtin:vite-reporter] 
(!) Some chunks are larger than 500 kB after minification. Consider:
- Using dynamic import() to code-split the application
- Use build.rolldownOptions.output.codeSplitting to improve chunking: https://rolldown.rs/reference/OutputOptions.codeSplitting
- Adjust chunk size limit for this warning via build.chunkSizeWarningLimit.

> project-plateau-proof-before-dark@0.1.0 test:s4
> python3 test/qa_s4.py

{
  "stage": "s4-complete-loop",
  "checks": {
    "sameRunObserveProofCoveredReturnStrongResult": true,
    "fourPhysicalPlatesResolved": true,
    "coveredReturnCostAppliedOnce": true,
    "resultRestartReturnsCleanFieldOrder": true,
    "timeoutFailureCauseAndCue": true,
    "timeoutRestartReturnsCleanFieldOrder": true,
    "firstContactRecoverable": true,
    "secondContactCauseAndCue": true,
    "failureRestartReturnsCleanFieldOrder": true,
    "noThreatMeter": true,
    "consoleErrors": [],
    "requestHosts": [
      "127.0.0.1:4173"
    ],
    "externalHosts": []
  },
  "performance": {
    "samples": 240,
    "medianFrameMs": 8.3,
    "medianFps": 120.5,
    "onePercentLowFps": 97.1,
    "worstFrameMs": 10.4
  },
  "source": {
    "scope": "index.html, package manifests, public assets and src",
    "sha256": "15a8d173b0192d0efd9ed42974ddca051e921a01904c0e31286c78210fa16997"
  }
}
S4 PASS: build/evidence/s4/report.json
