
> project-plateau-proof-before-dark@0.1.0 verify:s3
> npm test && npm run build && npm run test:s3


> project-plateau-proof-before-dark@0.1.0 test
> node --test test/*.test.js

✔ foundation exposes the locked viewport and performance budgets (1.616959ms)
✔ procedural placement is deterministic for a recorded seed (0.11225ms)
✔ representative scene contains all declared subject and pressure groups (0.090292ms)
✔ frame percentile is stable and keeps the slow tail visible (0.089875ms)
✔ runtime sources contain no remote asset or CDN request (15.487333ms)
✔ fresh and restarted player states are clean copies (1.750958ms)
✔ walking, sprinting and crouching have ordered deterministic speeds (0.495542ms)
✔ pause freezes both world time and movement (0.098792ms)
✔ a solid obstacle blocks penetration and permits axis sliding (0.142ms)
✔ leaving the navigable world recovers the last stable position (0.096333ms)
✔ zone topology distinguishes the observation fork and both return routes (0.061292ms)
✔ territory, glade, exposed sprint and cover produce four readable threat states (0.23475ms)
✔ examining the brook makes context eligible without awarding evidence (0.158209ms)
✔ camera raise slows movement and shutter commits one physical plate for two live seconds (0.898291ms)
✔ open proof adds two awareness states and contact cracks the best intact plate (0.275ms)
✔ a later contact without body margin fails while the first contact remains recoverable (0.081125ms)
✔ a timely raised-rifle shot spends one cartridge and interrupts attack (0.131084ms)
✔ pause freezes a raised camera and live shutter commitment without spending a plate (0.085334ms)
✔ restart clears observation, proof, damage and action history (0.107875ms)
ℹ tests 19
ℹ suites 0
ℹ pass 19
ℹ fail 0
ℹ cancelled 0
ℹ skipped 0
ℹ todo 0
ℹ duration_ms 236.473167

> project-plateau-proof-before-dark@0.1.0 build
> vite build

vite v8.2.0 building client environment for production...
[2Ktransforming...✓ 10 modules transformed.
rendering chunks...
computing gzip size...
dist/index.html                   5.52 kB │ gzip:   1.82 kB
dist/assets/index-DjO7gNr8.css    9.12 kB │ gzip:   3.14 kB
dist/assets/index-Dm5Ps5nL.js   559.18 kB │ gzip: 143.64 kB

[plugin builtin:vite-reporter] 
(!) Some chunks are larger than 500 kB after minification. Consider:
- Using dynamic import() to code-split the application
- Use build.rolldownOptions.output.codeSplitting to improve chunking: https://rolldown.rs/reference/OutputOptions.codeSplitting
- Adjust chunk size limit for this warning via build.chunkSizeWarningLimit.
✓ built in 270ms

> project-plateau-proof-before-dark@0.1.0 test:s3
> python3 test/qa_s3.py

{
  "stage": "s3-exposed-proof",
  "checks": {
    "observationChangesEligibilityWithoutPoints": true,
    "cameraRaiseAndTwoSecondCommitment": true,
    "pauseFreezesCommitment": true,
    "coveredPartialPlate": true,
    "openPlateEscalatesThreat": true,
    "highestValuePlateCracksOnRecoverableContact": true,
    "timelyShotInterruptsAttack": true,
    "persistentGunshotFlag": true,
    "noThreatMeter": true,
    "consoleErrors": [],
    "requestHosts": [
      "127.0.0.1:4173"
    ],
    "externalHosts": []
  },
  "performance": {
    "samples": 240,
    "medianFrameMs": 8.3,
    "medianFps": 120.5,
    "onePercentLowFps": 99,
    "worstFrameMs": 10.3
  },
  "source": {
    "scope": "index.html, package manifests, public assets and src",
    "sha256": "788a88a0c1ba10b44eff298ca300935bdbb2cf1d76ead9a8d588331bf0868c60"
  }
}
S3 PASS: build/evidence/s3/report.json
