
> project-plateau-proof-before-dark@0.1.0 verify:s5
> npm test && npm run build && npm run test:s5


> project-plateau-proof-before-dark@0.1.0 test
> node --test test/*.test.js

✔ foundation exposes the locked viewport and performance budgets (3.523666ms)
✔ procedural placement is deterministic for a recorded seed (0.122042ms)
✔ representative scene contains all declared subject and pressure groups (0.0905ms)
✔ frame percentile is stable and keeps the slow tail visible (0.096959ms)
✔ runtime sources contain no remote asset or CDN request (10.399667ms)
✔ fresh and restarted player states are clean copies (1.940333ms)
✔ walking, sprinting and crouching have ordered deterministic speeds (0.573458ms)
✔ pause freezes both world time and movement (0.101916ms)
✔ a solid obstacle blocks penetration and permits axis sliding (0.171584ms)
✔ leaving the navigable world recovers the last stable position (0.102667ms)
✔ zone topology distinguishes the observation fork and both return routes (0.074834ms)
✔ territory, glade, open proof and cover produce four readable threat states (1.905708ms)
✔ examining the brook makes context eligible without awarding evidence (0.150458ms)
✔ camera raise slows movement and shutter commits one physical plate for two live seconds (0.164791ms)
✔ open proof adds two awareness states and contact cracks the best intact plate (0.260584ms)
✔ a later contact without body margin fails while the first contact remains recoverable (0.162375ms)
✔ a timely raised-rifle shot spends one cartridge and interrupts attack (0.179958ms)
✔ pause freezes a raised camera and live shutter commitment without spending a plate (0.081292ms)
✔ restart clears observation, proof, damage and action history (0.079417ms)
✔ intact evidence and all four result thresholds are deterministic (0.135667ms)
✔ covered return commits its deterministic cost once and submits intact proof at Fort (0.208292ms)
✔ an attack-state exposed return cracks the best plate without spending body margin (0.107292ms)
✔ a fired-shot exposed return costs eighteen seconds and preserves its best plate (0.088125ms)
✔ remaining light expires outside Fort with exact cause and actionable cue (0.096291ms)
ℹ tests 24
ℹ suites 0
ℹ pass 24
ℹ fail 0
ℹ cancelled 0
ℹ skipped 0
ℹ todo 0
ℹ duration_ms 165.304292

> project-plateau-proof-before-dark@0.1.0 build
> vite build

vite v8.2.0 building client environment for production...
[2Ktransforming...✓ 10 modules transformed.
rendering chunks...
computing gzip size...
dist/index.html                   6.21 kB │ gzip:   1.96 kB
dist/assets/index-CcGtYY9t.css   12.33 kB │ gzip:   3.96 kB
dist/assets/index-zpP1Wu5I.js   565.65 kB │ gzip: 145.42 kB

[plugin builtin:vite-reporter] 
(!) Some chunks are larger than 500 kB after minification. Consider:
- Using dynamic import() to code-split the application
- Use build.rolldownOptions.output.codeSplitting to improve chunking: https://rolldown.rs/reference/OutputOptions.codeSplitting
- Adjust chunk size limit for this warning via build.chunkSizeWarningLimit.
✓ built in 338ms

> project-plateau-proof-before-dark@0.1.0 test:s5
> python3 test/qa_s5.py

{
  "stage": "s5-route-outcomes",
  "checks": {
    "allFourAliveBands": true,
    "strongNoShotCoveredReturn": true,
    "mixedShotCallbackCorroboratingReturn": true,
    "panicExplicitFailure": true,
    "exposedAttackCracksBestPlateNotBody": true,
    "coveredExposedAndNoisyCosts": {
      "covered": 28,
      "exposed": 12,
      "noisyExposed": 18
    },
    "pauseFreezesCommittedDive": true,
    "minimumViewportTerminal": true,
    "noThreatMeter": true,
    "consoleErrors": [],
    "requestHosts": [
      "127.0.0.1:4173"
    ],
    "externalHosts": []
  },
  "performance": {
    "samples": 240,
    "medianFrameMs": 8.3,
    "medianFps": 120.5,
    "onePercentLowFps": 97.1,
    "worstFrameMs": 10.3
  },
  "source": {
    "scope": "index.html, package manifests, public assets and src",
    "sha256": "bd3edb90f0a40171291ada6faf015905d347d7a85ba7478dc879c5bb059a2cdd"
  }
}
S5 PASS: build/evidence/s5/report.json
