
> project-plateau-proof-before-dark@0.1.0 verify:s6
> npm test && npm run build && npm run test:s6


> project-plateau-proof-before-dark@0.1.0 test
> node --test test/*.test.js

✔ every core field cue has a concise sound caption (1.50725ms)
✔ audio settings clamp channel volumes and expose caption state (0.145834ms)
✔ cue history and threat transitions stay observable without Web Audio (0.241167ms)
✔ cue history remains bounded during a long field session (0.1195ms)
✔ foundation exposes the locked viewport and performance budgets (1.453375ms)
✔ procedural placement is deterministic for a recorded seed (0.13575ms)
✔ representative scene contains all declared subject and pressure groups (0.1545ms)
✔ frame percentile is stable and keeps the slow tail visible (0.099792ms)
✔ runtime sources contain no remote asset or CDN request (5.951209ms)
✔ fresh and restarted player states are clean copies (1.716667ms)
✔ walking, sprinting and crouching have ordered deterministic speeds (0.614041ms)
✔ pause freezes both world time and movement (0.11275ms)
✔ a solid obstacle blocks penetration and permits axis sliding (0.170459ms)
✔ leaving the navigable world recovers the last stable position (0.099458ms)
✔ zone topology distinguishes the observation fork and both return routes (0.639541ms)
✔ territory, glade, open proof and cover produce four readable threat states (0.473042ms)
✔ examining the brook makes context eligible without awarding evidence (0.128417ms)
✔ camera raise slows movement and shutter commits one physical plate for two live seconds (0.143291ms)
✔ open proof adds two awareness states and contact cracks the best intact plate (0.251834ms)
✔ a later contact without body margin fails while the first contact remains recoverable (0.079375ms)
✔ a timely raised-rifle shot spends one cartridge and interrupts attack (0.147833ms)
✔ pause freezes a raised camera and live shutter commitment without spending a plate (0.081ms)
✔ restart clears observation, proof, damage and action history (0.072333ms)
✔ intact evidence and all four result thresholds are deterministic (0.104459ms)
✔ covered return commits its deterministic cost once and submits intact proof at Fort (0.178834ms)
✔ an attack-state exposed return cracks the best plate without spending body margin (0.085875ms)
✔ a fired-shot exposed return costs eighteen seconds and preserves its best plate (0.092916ms)
✔ remaining light expires outside Fort with exact cause and actionable cue (0.078709ms)
ℹ tests 28
ℹ suites 0
ℹ pass 28
ℹ fail 0
ℹ cancelled 0
ℹ skipped 0
ℹ todo 0
ℹ duration_ms 104.60325

> project-plateau-proof-before-dark@0.1.0 build
> vite build

vite v8.2.0 building client environment for production...
[2Ktransforming...✓ 11 modules transformed.
rendering chunks...
computing gzip size...
dist/index.html                   6.69 kB │ gzip:   2.07 kB
dist/assets/index-u0shVv-Z.css   12.63 kB │ gzip:   4.03 kB
dist/assets/index-COSXH1PV.js   574.42 kB │ gzip: 148.24 kB

✓ built in 160ms

> project-plateau-proof-before-dark@0.1.0 test:s6
> python3 test/qa_s6.py

{
  "stage": "s6-field-feedback",
  "checks": {
    "recognizableBellowsCameraStructure": true,
    "membraneWingThreatStructure": true,
    "coverArchesAndPullUpResponse": true,
    "lazyLocalWebAudioRunning": true,
    "threeChannelVolumeControls": true,
    "captionsToggleAndCoreCueCaptions": true,
    "rifleAndBrookResponseCues": true,
    "distinctResultAndFailureCues": true,
    "runResetClearsCueHistoryAndPreservesSettings": true,
    "noThreatMeter": true,
    "consoleErrors": [],
    "requestHosts": [
      "127.0.0.1:4173"
    ],
    "externalHosts": []
  },
  "performance": {
    "samples": 240,
    "medianFrameMs": 8.3,
    "medianFps": 120.5,
    "onePercentLowFps": 98,
    "worstFrameMs": 10.4
  },
  "source": {
    "scope": "index.html, package manifests, public assets and src",
    "sha256": "6b2e21ebf906ca435bdca4f416883ee8c0c9c79979dae5319a6ba1b0b8610e33"
  }
}
S6 PASS: build/evidence/s6/report.json
