
> project-plateau-proof-before-dark@0.1.0 verify:s2
> npm test && npm run build && npm run test:s2


> project-plateau-proof-before-dark@0.1.0 test
> node --test test/*.test.js

✔ foundation exposes the locked viewport and performance budgets (1.558833ms)
✔ procedural placement is deterministic for a recorded seed (0.121166ms)
✔ representative scene contains all declared subject and pressure groups (0.092791ms)
✔ frame percentile is stable and keeps the slow tail visible (0.092208ms)
✔ runtime sources contain no remote asset or CDN request (6.987458ms)
✔ fresh and restarted player states are clean copies (1.624125ms)
✔ walking, sprinting and crouching have ordered deterministic speeds (0.391959ms)
✔ pause freezes both world time and movement (0.095083ms)
✔ a solid obstacle blocks penetration and permits axis sliding (0.129ms)
✔ leaving the navigable world recovers the last stable position (0.228417ms)
✔ zone topology distinguishes the observation fork and both return routes (0.12375ms)
✔ territory, glade, exposed sprint and cover produce four readable threat states (0.237667ms)
ℹ tests 12
ℹ suites 0
ℹ pass 12
ℹ fail 0
ℹ cancelled 0
ℹ skipped 0
ℹ todo 0
ℹ duration_ms 118.470583

> project-plateau-proof-before-dark@0.1.0 build
> vite build

vite v8.2.0 building client environment for production...

transforming...✓ 10 modules transformed.
rendering chunks...
computing gzip size...
dist/index.html                   4.39 kB │ gzip:   1.56 kB
dist/assets/index-hXjCmMyk.css    5.07 kB │ gzip:   2.01 kB
dist/assets/index-Dl4uWUMU.js   548.97 kB │ gzip: 140.27 kB

✓ built in 264ms
[plugin builtin:vite-reporter]
(!) Some chunks are larger than 500 kB after minification. Consider:
- Using dynamic import() to code-split the application
- Use build.rolldownOptions.output.codeSplitting to improve chunking: https://rolldown.rs/reference/OutputOptions.codeSplitting
- Adjust chunk size limit for this warning via build.chunkSizeWarningLimit.

> project-plateau-proof-before-dark@0.1.0 test:s2
> python3 test/qa_s2.py

{
  "stage": "s2-topology",
  "checks": {
    "connectedZoneHistory": true,
    "distant": true,
    "watch": true,
    "search": true,
    "attack": true,
    "coverDeescalation": true,
    "noThreatMeter": true,
    "consoleErrors": [],
    "requestHosts": [
      "127.0.0.1:4173"
    ],
    "externalHosts": []
  },
  "performance": {
    "samples": 240,
    "medianFrameMs": 8.3,
    "medianFps": 120.5,
    "onePercentLowFps": 98,
    "worstFrameMs": 10.4
  },
  "source": {
    "scope": "index.html, package manifests, public assets and src",
    "sha256": "9316f4d78c2529e0a2a9429e596e8c2f649e256d3da2e2b0335e13d0fb107a9a"
  }
}
S2 PASS: build/evidence/s2/report.json
