
> project-plateau-proof-before-dark@0.1.0 verify:s9
> npm test && npm run build && npm run test:s9


> project-plateau-proof-before-dark@0.1.0 test
> node --test test/*.test.js

✔ every core field cue has a concise sound caption (1.708334ms)
✔ audio settings clamp channel volumes and expose caption state (0.1645ms)
✔ cue history and threat transitions stay observable without Web Audio (0.263791ms)
✔ cue history remains bounded during a long field session (0.119583ms)
✔ foundation exposes the locked viewport and performance budgets (1.4775ms)
✔ procedural placement is deterministic for a recorded seed (0.096167ms)
✔ representative scene contains all declared subject and pressure groups (0.0825ms)
✔ the family asset exposes two adults, three young and both authored behaviors (14.808125ms)
✔ the glade composition protects a lit family-and-basalt sightline (5.014334ms)
✔ frame percentile is stable and keeps the slow tail visible (0.111ms)
✔ runtime sources contain no remote asset or CDN request (4.925042ms)
✔ presentation settings normalize invalid persisted values (1.506708ms)
✔ settings round-trip through versioned storage and can be reset (0.175459ms)
✔ blocked or malformed storage falls back without disabling controls (0.183958ms)
✔ the measured compact route starts with a 180-second light budget (0.965792ms)
✔ fresh and restarted player states are clean copies (0.8335ms)
✔ walking, sprinting and crouching have ordered deterministic speeds (0.53725ms)
✔ pause freezes both world time and movement (0.11375ms)
✔ a solid obstacle blocks penetration and permits axis sliding (0.159667ms)
✔ leaving the navigable world recovers the last stable position (0.185167ms)
✔ zone topology distinguishes the observation fork and both return routes (0.07725ms)
✔ territory, glade, open proof and cover produce four readable threat states (0.407458ms)
✔ examining the brook makes context eligible without awarding evidence (0.119ms)
✔ successive observed glade plates record young play and branch pull separately (0.209834ms)
✔ camera raise slows movement and shutter commits one physical plate for two live seconds (0.179792ms)
✔ open proof adds two awareness states and contact cracks the best intact plate (0.192375ms)
✔ a later contact without body margin fails while the first contact remains recoverable (0.064584ms)
✔ a timely raised-rifle shot spends one cartridge and interrupts attack (0.166792ms)
✔ pause freezes a raised camera and live shutter commitment without spending a plate (0.095167ms)
✔ restart clears observation, proof, damage and action history (0.088333ms)
✔ intact evidence and all four result thresholds are deterministic (0.092542ms)
✔ covered return commits its deterministic cost once and submits intact proof at Fort (0.184084ms)
✔ an attack-state exposed return cracks the best plate without spending body margin (0.089042ms)
✔ a fired-shot exposed return costs eighteen seconds and preserves its best plate (0.07825ms)
✔ remaining light expires outside Fort with exact cause and actionable cue (0.07325ms)
ℹ tests 35
ℹ suites 0
ℹ pass 35
ℹ fail 0
ℹ cancelled 0
ℹ skipped 0
ℹ todo 0
ℹ duration_ms 152.495083

> project-plateau-proof-before-dark@0.1.0 build
> vite build

vite v8.2.0 building client environment for production...

transforming...✓ 12 modules transformed.
rendering chunks...
computing gzip size...
dist/index.html                   6.78 kB │ gzip:   2.09 kB
dist/assets/index-BtoLHCaQ.css   13.35 kB │ gzip:   4.21 kB
dist/assets/index-CWtQHXh1.js   582.58 kB │ gzip: 150.82 kB

✓ built in 161ms
[plugin builtin:vite-reporter]
(!) Some chunks are larger than 500 kB after minification. Consider:
- Using dynamic import() to code-split the application
- Use build.rolldownOptions.output.codeSplitting to improve chunking: https://rolldown.rs/reference/OutputOptions.codeSplitting
- Adjust chunk size limit for this warning via build.chunkSizeWarningLimit.

> project-plateau-proof-before-dark@0.1.0 test:s9
> python3 test/qa_s9.py

{
  "stage": "s9-living-plates",
  "checks": {
    "twoAdultsThreeYoung": true,
    "youngPlayAndBranchPullDistinct": true,
    "rendererCanvasFeedsEveryPlate": true,
    "fourCapturedPlatesAreDistinct": true,
    "plateImagesUseNonColourTreatment": true,
    "strongRecoveredBoardUsesCapturedViews": true,
    "restartClearsCapturedViews": true,
    "consoleErrors": [],
    "requestHosts": [
      "127.0.0.1:4173"
    ],
    "externalHosts": []
  },
  "plateImages": [
    {
      "plate": 1,
      "bytesInCssValue": 75862,
      "sha256": "8a323d0509bcff8a6ed9219a0c67c7c64fb64399f984bf6827fb030c4b038e47",
      "filter": "grayscale(1) contrast(1.14) brightness(0.86)"
    },
    {
      "plate": 2,
      "bytesInCssValue": 76586,
      "sha256": "41880ab89367f3e44166f3cd46a75f1584fbdf53d8f8bbb32286081e2c99e4c9",
      "filter": "grayscale(1) contrast(1.14) brightness(0.86)"
    },
    {
      "plate": 3,
      "bytesInCssValue": 75506,
      "sha256": "ab273aaebbf3286ad670dac8329afd4b275baf29a805e6acd272537632cc7a90",
      "filter": "grayscale(1) contrast(1.14) brightness(0.86)"
    },
    {
      "plate": 4,
      "bytesInCssValue": 79510,
      "sha256": "4e6ddb46122c7ce774aa2cb7c278c426d8fb26424724b0d8539126dedec4032c",
      "filter": "grayscale(1) contrast(1.14) brightness(0.86)"
    }
  ],
  "performance": {
    "samples": 240,
    "medianFrameMs": 8.3,
    "medianFps": 120.5,
    "onePercentLowFps": 98,
    "worstFrameMs": 10.2
  },
  "source": {
    "scope": "index.html, package manifests, public assets and src",
    "sha256": "424514d687dd247eb1229f95ff9eef1df6a127bc573e5530c52775fa8f5fd268"
  }
}
S9 PASS: build/evidence/s9/report.json
